Archive member included to satisfy reference by file (symbol)

d:/gcc/gcc-arm-none-eabi-5_4-2016q3-20160926-win32/bin/../lib/gcc/arm-none-eabi/5.4.1/../../../../arm-none-eabi/lib/armv7e-m\libc.a(lib_a-exit.o)
                              d:/gcc/gcc-arm-none-eabi-5_4-2016q3-20160926-win32/bin/../lib/gcc/arm-none-eabi/5.4.1/../../../../arm-none-eabi/lib/armv7e-m/crt0.o (exit)
d:/gcc/gcc-arm-none-eabi-5_4-2016q3-20160926-win32/bin/../lib/gcc/arm-none-eabi/5.4.1/../../../../arm-none-eabi/lib/armv7e-m\libc.a(lib_a-impure.o)
                              d:/gcc/gcc-arm-none-eabi-5_4-2016q3-20160926-win32/bin/../lib/gcc/arm-none-eabi/5.4.1/../../../../arm-none-eabi/lib/armv7e-m\libc.a(lib_a-exit.o) (_global_impure_ptr)
d:/gcc/gcc-arm-none-eabi-5_4-2016q3-20160926-win32/bin/../lib/gcc/arm-none-eabi/5.4.1/../../../../arm-none-eabi/lib/armv7e-m\libc.a(lib_a-init.o)
                              d:/gcc/gcc-arm-none-eabi-5_4-2016q3-20160926-win32/bin/../lib/gcc/arm-none-eabi/5.4.1/../../../../arm-none-eabi/lib/armv7e-m/crt0.o (__libc_init_array)
d:/gcc/gcc-arm-none-eabi-5_4-2016q3-20160926-win32/bin/../lib/gcc/arm-none-eabi/5.4.1/../../../../arm-none-eabi/lib/armv7e-m\libc.a(lib_a-memset.o)
                              d:/gcc/gcc-arm-none-eabi-5_4-2016q3-20160926-win32/bin/../lib/gcc/arm-none-eabi/5.4.1/../../../../arm-none-eabi/lib/armv7e-m/crt0.o (memset)
d:/gcc/gcc-arm-none-eabi-5_4-2016q3-20160926-win32/bin/../lib/gcc/arm-none-eabi/5.4.1/../../../../arm-none-eabi/lib/armv7e-m\libc.a(lib_a-sprintf.o)
                              CMakeFiles/gd32_cube.elf.dir/Core/Src/main.c.obj (sprintf)
d:/gcc/gcc-arm-none-eabi-5_4-2016q3-20160926-win32/bin/../lib/gcc/arm-none-eabi/5.4.1/../../../../arm-none-eabi/lib/armv7e-m\libc.a(lib_a-strlen.o)
                              CMakeFiles/gd32_cube.elf.dir/drv/drv_log/drv_log.c.obj (strlen)
d:/gcc/gcc-arm-none-eabi-5_4-2016q3-20160926-win32/bin/../lib/gcc/arm-none-eabi/5.4.1/../../../../arm-none-eabi/lib/armv7e-m\libc.a(lib_a-svfprintf.o)
                              d:/gcc/gcc-arm-none-eabi-5_4-2016q3-20160926-win32/bin/../lib/gcc/arm-none-eabi/5.4.1/../../../../arm-none-eabi/lib/armv7e-m\libc.a(lib_a-sprintf.o) (_svfprintf_r)
d:/gcc/gcc-arm-none-eabi-5_4-2016q3-20160926-win32/bin/../lib/gcc/arm-none-eabi/5.4.1/../../../../arm-none-eabi/lib/armv7e-m\libc.a(lib_a-__call_atexit.o)
                              d:/gcc/gcc-arm-none-eabi-5_4-2016q3-20160926-win32/bin/../lib/gcc/arm-none-eabi/5.4.1/../../../../arm-none-eabi/lib/armv7e-m\libc.a(lib_a-exit.o) (__call_exitprocs)
d:/gcc/gcc-arm-none-eabi-5_4-2016q3-20160926-win32/bin/../lib/gcc/arm-none-eabi/5.4.1/../../../../arm-none-eabi/lib/armv7e-m\libc.a(lib_a-atexit.o)
                              d:/gcc/gcc-arm-none-eabi-5_4-2016q3-20160926-win32/bin/../lib/gcc/arm-none-eabi/5.4.1/../../../../arm-none-eabi/lib/armv7e-m\libc.a(lib_a-__call_atexit.o) (atexit)
d:/gcc/gcc-arm-none-eabi-5_4-2016q3-20160926-win32/bin/../lib/gcc/arm-none-eabi/5.4.1/../../../../arm-none-eabi/lib/armv7e-m\libc.a(lib_a-dtoa.o)
                              d:/gcc/gcc-arm-none-eabi-5_4-2016q3-20160926-win32/bin/../lib/gcc/arm-none-eabi/5.4.1/../../../../arm-none-eabi/lib/armv7e-m\libc.a(lib_a-svfprintf.o) (_dtoa_r)
d:/gcc/gcc-arm-none-eabi-5_4-2016q3-20160926-win32/bin/../lib/gcc/arm-none-eabi/5.4.1/../../../../arm-none-eabi/lib/armv7e-m\libc.a(lib_a-fini.o)
                              d:/gcc/gcc-arm-none-eabi-5_4-2016q3-20160926-win32/bin/../lib/gcc/arm-none-eabi/5.4.1/../../../../arm-none-eabi/lib/armv7e-m\libc.a(lib_a-__call_atexit.o) (__libc_fini_array)
d:/gcc/gcc-arm-none-eabi-5_4-2016q3-20160926-win32/bin/../lib/gcc/arm-none-eabi/5.4.1/../../../../arm-none-eabi/lib/armv7e-m\libc.a(lib_a-localeconv.o)
                              d:/gcc/gcc-arm-none-eabi-5_4-2016q3-20160926-win32/bin/../lib/gcc/arm-none-eabi/5.4.1/../../../../arm-none-eabi/lib/armv7e-m\libc.a(lib_a-svfprintf.o) (_localeconv_r)
d:/gcc/gcc-arm-none-eabi-5_4-2016q3-20160926-win32/bin/../lib/gcc/arm-none-eabi/5.4.1/../../../../arm-none-eabi/lib/armv7e-m\libc.a(lib_a-mallocr.o)
                              d:/gcc/gcc-arm-none-eabi-5_4-2016q3-20160926-win32/bin/../lib/gcc/arm-none-eabi/5.4.1/../../../../arm-none-eabi/lib/armv7e-m\libc.a(lib_a-svfprintf.o) (_malloc_r)
d:/gcc/gcc-arm-none-eabi-5_4-2016q3-20160926-win32/bin/../lib/gcc/arm-none-eabi/5.4.1/../../../../arm-none-eabi/lib/armv7e-m\libc.a(lib_a-memchr.o)
                              d:/gcc/gcc-arm-none-eabi-5_4-2016q3-20160926-win32/bin/../lib/gcc/arm-none-eabi/5.4.1/../../../../arm-none-eabi/lib/armv7e-m\libc.a(lib_a-svfprintf.o) (memchr)
d:/gcc/gcc-arm-none-eabi-5_4-2016q3-20160926-win32/bin/../lib/gcc/arm-none-eabi/5.4.1/../../../../arm-none-eabi/lib/armv7e-m\libc.a(lib_a-memcpy.o)
                              d:/gcc/gcc-arm-none-eabi-5_4-2016q3-20160926-win32/bin/../lib/gcc/arm-none-eabi/5.4.1/../../../../arm-none-eabi/lib/armv7e-m\libc.a(lib_a-dtoa.o) (memcpy)
[...]
Memory Configuration

Name             Origin             Length             Attributes
FLASH            0x08000000         0x00040000         xr
RAM              0x20000000         0x0000c000         xrw
*default*        0x00000000         0xffffffff

Linker script and memory map

LOAD d:/gcc/gcc-arm-none-eabi-5_4-2016q3-20160926-win32/bin/../lib/gcc/arm-none-eabi/5.4.1/armv7e-m/crti.o
LOAD d:/gcc/gcc-arm-none-eabi-5_4-2016q3-20160926-win32/bin/../lib/gcc/arm-none-eabi/5.4.1/armv7e-m/crtbegin.o
LOAD d:/gcc/gcc-arm-none-eabi-5_4-2016q3-20160926-win32/bin/../lib/gcc/arm-none-eabi/5.4.1/../../../../arm-none-eabi/lib/armv7e-m/crt0.o
LOAD CMakeFiles/gd32_cube.elf.dir/Core/Src/gd32f30x_it.c.obj
LOAD CMakeFiles/gd32_cube.elf.dir/Core/Src/main.c.obj
LOAD CMakeFiles/gd32_cube.elf.dir/Drivers/CMSIS/system_gd32f30x.c.obj
LOAD CMakeFiles/gd32_cube.elf.dir/Drivers/STM32F1xx_HAL_Driver/Src/gd32f30x_adc.c.obj
LOAD CMakeFiles/gd32_cube.elf.dir/Drivers/STM32F1xx_HAL_Driver/Src/gd32f30x_bkp.c.obj
LOAD CMakeFiles/gd32_cube.elf.dir/Drivers/STM32F1xx_HAL_Driver/Src/gd32f30x_can.c.obj
LOAD CMakeFiles/gd32_cube.elf.dir/Drivers/STM32F1xx_HAL_Driver/Src/gd32f30x_crc.c.obj
LOAD CMakeFiles/gd32_cube.elf.dir/Drivers/STM32F1xx_HAL_Driver/Src/gd32f30x_ctc.c.obj
LOAD CMakeFiles/gd32_cube.elf.dir/Drivers/STM32F1xx_HAL_Driver/Src/gd32f30x_dac.c.obj
LOAD CMakeFiles/gd32_cube.elf.dir/Drivers/STM32F1xx_HAL_Driver/Src/gd32f30x_dbg.c.obj
LOAD CMakeFiles/gd32_cube.elf.dir/Drivers/STM32F1xx_HAL_Driver/Src/gd32f30x_dma.c.obj
LOAD CMakeFiles/gd32_cube.elf.dir/Drivers/STM32F1xx_HAL_Driver/Src/gd32f30x_enet.c.obj
LOAD CMakeFiles/gd32_cube.elf.dir/Drivers/STM32F1xx_HAL_Driver/Src/gd32f30x_exmc.c.obj
LOAD CMakeFiles/gd32_cube.elf.dir/Drivers/STM32F1xx_HAL_Driver/Src/gd32f30x_exti.c.obj
LOAD CMakeFiles/gd32_cube.elf.dir/Drivers/STM32F1xx_HAL_Driver/Src/gd32f30x_fmc.c.obj
LOAD CMakeFiles/gd32_cube.elf.dir/Drivers/STM32F1xx_HAL_Driver/Src/gd32f30x_fwdgt.c.obj
LOAD CMakeFiles/gd32_cube.elf.dir/Drivers/STM32F1xx_HAL_Driver/Src/gd32f30x_gpio.c.obj
LOAD CMakeFiles/gd32_cube.elf.dir/Drivers/STM32F1xx_HAL_Driver/Src/gd32f30x_i2c.c.obj
LOAD CMakeFiles/gd32_cube.elf.dir/Drivers/STM32F1xx_HAL_Driver/Src/gd32f30x_misc.c.obj
LOAD CMakeFiles/gd32_cube.elf.dir/Drivers/STM32F1xx_HAL_Driver/Src/gd32f30x_pmu.c.obj
LOAD CMakeFiles/gd32_cube.elf.dir/Drivers/STM32F1xx_HAL_Driver/Src/gd32f30x_rcu.c.obj
LOAD CMakeFiles/gd32_cube.elf.dir/Drivers/STM32F1xx_HAL_Driver/Src/gd32f30x_rtc.c.obj
LOAD CMakeFiles/gd32_cube.elf.dir/Drivers/STM32F1xx_HAL_Driver/Src/gd32f30x_sdio.c.obj
LOAD CMakeFiles/gd32_cube.elf.dir/Drivers/STM32F1xx_HAL_Driver/Src/gd32f30x_spi.c.obj
LOAD CMakeFiles/gd32_cube.elf.dir/Drivers/STM32F1xx_HAL_Driver/Src/gd32f30x_timer.c.obj
LOAD CMakeFiles/gd32_cube.elf.dir/Drivers/STM32F1xx_HAL_Driver/Src/gd32f30x_usart.c.obj
LOAD CMakeFiles/gd32_cube.elf.dir/Drivers/STM32F1xx_HAL_Driver/Src/gd32f30x_wwdgt.c.obj
LOAD CMakeFiles/gd32_cube.elf.dir/drv/drv_gd25qxx/drv_gd25qxx.c.obj
LOAD CMakeFiles/gd32_cube.elf.dir/drv/drv_log/drv_log.c.obj
LOAD CMakeFiles/gd32_cube.elf.dir/drv/drv_ncs8803/drv_ncs8803.c.obj
LOAD CMakeFiles/gd32_cube.elf.dir/hal/Src/adc.c.obj
LOAD CMakeFiles/gd32_cube.elf.dir/hal/Src/gd32f303cx_adc.c.obj
LOAD CMakeFiles/gd32_cube.elf.dir/hal/Src/gd32f303cx_dac.c.obj
LOAD CMakeFiles/gd32_cube.elf.dir/hal/Src/gd32f303cx_delay.c.obj
LOAD CMakeFiles/gd32_cube.elf.dir/hal/Src/gd32f303cx_gpio.c.obj
LOAD CMakeFiles/gd32_cube.elf.dir/hal/Src/gd32f303cx_spi.c.obj
LOAD CMakeFiles/gd32_cube.elf.dir/hal/Src/gd32f303cx_uart.c.obj
LOAD CMakeFiles/gd32_cube.elf.dir/hal/Src/hal_soft_i2c.c.obj
LOAD CMakeFiles/gd32_cube.elf.dir/startup/startup_gd32f30x_hd.s.obj
START GROUP
LOAD d:/gcc/gcc-arm-none-eabi-5_4-2016q3-20160926-win32/bin/../lib/gcc/arm-none-eabi/5.4.1/armv7e-m\libgcc.a
LOAD d:/gcc/gcc-arm-none-eabi-5_4-2016q3-20160926-win32/bin/../lib/gcc/arm-none-eabi/5.4.1/../../../../arm-none-eabi/lib/armv7e-m\libc.a
END GROUP
LOAD d:/gcc/gcc-arm-none-eabi-5_4-2016q3-20160926-win32/bin/../lib/gcc/arm-none-eabi/5.4.1/armv7e-m/crtend.o
LOAD d:/gcc/gcc-arm-none-eabi-5_4-2016q3-20160926-win32/bin/../lib/gcc/arm-none-eabi/5.4.1/armv7e-m/crtn.o
                0x00000800                __stack_size = DEFINED (__stack_size)?__stack_size:0x800

.vectors        0x08000000      0x130
                0x08000000                . = ALIGN (0x4)
 *(.vectors)
 .vectors       0x08000000      0x130 CMakeFiles/gd32_cube.elf.dir/startup/startup_gd32f30x_hd.s.obj
                0x08000000                __gVectors
                0x08000130                . = ALIGN (0x4)
                0x08000130                __Vectors_End = .
                0x00000130                __Vectors_Size = (__Vectors_End - __gVectors)

.text           0x08000140     0x61e8
                0x08000140                . = ALIGN (0x4)
 *(.text)
 .text          0x08000140       0x5c d:/gcc/gcc-arm-none-eabi-5_4-2016q3-20160926-win32/bin/../lib/gcc/arm-none-eabi/5.4.1/armv7e-m/crtbegin.o
 *fill*         0x0800019c       0x24 
 .text          0x080001c0       0xdc d:/gcc/gcc-arm-none-eabi-5_4-2016q3-20160926-win32/bin/../lib/gcc/arm-none-eabi/5.4.1/../../../../arm-none-eabi/lib/armv7e-m\libc.a(lib_a-strlen.o)
                0x080001c0                strlen
 *fill*         0x0800029c        0x4 
 .text          0x080002a0       0xa0 d:/gcc/gcc-arm-none-eabi-5_4-2016q3-20160926-win32/bin/../lib/gcc/arm-none-eabi/5.4.1/../../../../arm-none-eabi/lib/armv7e-m\libc.a(lib_a-memchr.o)
                0x080002a0                memchr
 .text          0x08000340      0x134 d:/gcc/gcc-arm-none-eabi-5_4-2016q3-20160926-win32/bin/../lib/gcc/arm-none-eabi/5.4.1/../../../../arm-none-eabi/lib/armv7e-m\libc.a(lib_a-memcpy.o)
                0x08000340                memcpy
 .text          0x08000474      0x370 d:/gcc/gcc-arm-none-eabi-5_4-2016q3-20160926-win32/bin/../lib/gcc/arm-none-eabi/5.4.1/armv7e-m\libgcc.a(_arm_addsubdf3.o)
                0x08000474                __aeabi_drsub
                0x0800047c                __aeabi_dsub
                0x0800047c                __subdf3
                0x08000480                __aeabi_dadd
                0x08000480                __adddf3
                0x080006f8                __floatunsidf
                0x080006f8                __aeabi_ui2d
                0x08000718                __floatsidf
                0x08000718                __aeabi_i2d
                0x0800073c                __aeabi_f2d
                0x0800073c                __extendsfdf2
                0x08000778                __floatundidf
                0x08000778                __aeabi_ul2d
                0x08000788                __floatdidf
                0x08000788                __aeabi_l2d
 .text          0x080007e4      0x424 d:/gcc/gcc-arm-none-eabi-5_4-2016q3-20160926-win32/bin/../lib/gcc/arm-none-eabi/5.4.1/armv7e-m\libgcc.a(_arm_muldivdf3.o)
                0x080007e4                __aeabi_dmul
                0x080007e4                __muldf3
                0x08000a38                __divdf3
                0x08000a38                __aeabi_ddiv
 .text          0x08000c08      0x110 d:/gcc/gcc-arm-none-eabi-5_4-2016q3-20160926-win32/bin/../lib/gcc/arm-none-eabi/5.4.1/armv7e-m\libgcc.a(_arm_cmpdf2.o)
                0x08000c08                __gtdf2
                0x08000c08                __gedf2
                0x08000c10                __ltdf2
                0x08000c10                __ledf2
                0x08000c18                __nedf2
                0x08000c18                __eqdf2
                0x08000c18                __cmpdf2
                0x08000c94                __aeabi_cdrcmple
                0x08000ca4                __aeabi_cdcmpeq
                0x08000ca4                __aeabi_cdcmple
                0x08000cb4                __aeabi_dcmpeq
                0x08000cc8                __aeabi_dcmplt
                0x08000cdc                __aeabi_dcmple
                0x08000cf0                __aeabi_dcmpge
                0x08000d04                __aeabi_dcmpgt
 .text          0x08000d18       0x2c d:/gcc/gcc-arm-none-eabi-5_4-2016q3-20160926-win32/bin/../lib/gcc/arm-none-eabi/5.4.1/armv7e-m\libgcc.a(_arm_unorddf2.o)
                0x08000d18                __unorddf2
                0x08000d18                __aeabi_dcmpun
 .text          0x08000d44       0x50 d:/gcc/gcc-arm-none-eabi-5_4-2016q3-20160926-win32/bin/../lib/gcc/arm-none-eabi/5.4.1/armv7e-m\libgcc.a(_arm_fixdfsi.o)
                0x08000d44                __aeabi_d2iz
                0x08000d44                __fixdfsi
 .text          0x08000d94       0x30 d:/gcc/gcc-arm-none-eabi-5_4-2016q3-20160926-win32/bin/../lib/gcc/arm-none-eabi/5.4.1/armv7e-m\libgcc.a(_aeabi_uldivmod.o)
                0x08000d94                __aeabi_uldivmod
 .text          0x08000dc4      0x2e4 d:/gcc/gcc-arm-none-eabi-5_4-2016q3-20160926-win32/bin/../lib/gcc/arm-none-eabi/5.4.1/armv7e-m\libgcc.a(_udivmoddi4.o)
                0x08000dc4                __udivmoddi4
 .text          0x080010a8        0x4 d:/gcc/gcc-arm-none-eabi-5_4-2016q3-20160926-win32/bin/../lib/gcc/arm-none-eabi/5.4.1/armv7e-m\libgcc.a(_dvmd_tls.o)
                0x080010a8                __aeabi_idiv0
                0x080010a8                __aeabi_ldiv0
 *(.text*)
 .text.NMI_Handler
                0x080010ac        0x4 CMakeFiles/gd32_cube.elf.dir/Core/Src/gd32f30x_it.c.obj
                0x080010ac                NMI_Handler
 .text.HardFault_Handler
                0x080010b0        0x4 CMakeFiles/gd32_cube.elf.dir/Core/Src/gd32f30x_it.c.obj
                0x080010b0                HardFault_Handler
 .text.MemManage_Handler
                0x080010b4        0x4 CMakeFiles/gd32_cube.elf.dir/Core/Src/gd32f30x_it.c.obj
                0x080010b4                MemManage_Handler
 .text.BusFault_Handler
                0x080010b8        0x4 CMakeFiles/gd32_cube.elf.dir/Core/Src/gd32f30x_it.c.obj
                0x080010b8                BusFault_Handler
 .text.UsageFault_Handler
                0x080010bc        0x4 CMakeFiles/gd32_cube.elf.dir/Core/Src/gd32f30x_it.c.obj
                0x080010bc                UsageFault_Handler
 .text.SVC_Handler
                0x080010c0        0x4 CMakeFiles/gd32_cube.elf.dir/Core/Src/gd32f30x_it.c.obj
                0x080010c0                SVC_Handler
 .text.DebugMon_Handler
                0x080010c4        0x4 CMakeFiles/gd32_cube.elf.dir/Core/Src/gd32f30x_it.c.obj
                0x080010c4                DebugMon_Handler
 .text.PendSV_Handler
                0x080010c8        0x4 CMakeFiles/gd32_cube.elf.dir/Core/Src/gd32f30x_it.c.obj
                0x080010c8                PendSV_Handler
 .text.SysTick_Handler
                0x080010cc        0x8 CMakeFiles/gd32_cube.elf.dir/Core/Src/gd32f30x_it.c.obj
                0x080010cc                SysTick_Handler
 .text.main     0x080010d4      0x460 CMakeFiles/gd32_cube.elf.dir/Core/Src/main.c.obj
                0x080010d4                main
 .text.system_clock_120m_irc8m
                0x08001534       0xd8 CMakeFiles/gd32_cube.elf.dir/Drivers/CMSIS/system_gd32f30x.c.obj
 .text.system_clock_config
                0x0800160c        0x8 CMakeFiles/gd32_cube.elf.dir/Drivers/CMSIS/system_gd32f30x.c.obj
 .text.SystemInit
                0x08001614       0x6c CMakeFiles/gd32_cube.elf.dir/Drivers/CMSIS/system_gd32f30x.c.obj
                0x08001614                SystemInit
 .text.adc_enable
                0x08001680       0x14 CMakeFiles/gd32_cube.elf.dir/Drivers/STM32F1xx_HAL_Driver/Src/gd32f30x_adc.c.obj
                0x08001680                adc_enable
 .text.adc_calibration_enable
                0x08001694       0x28 CMakeFiles/gd32_cube.elf.dir/Drivers/STM32F1xx_HAL_Driver/Src/gd32f30x_adc.c.obj
                0x08001694                adc_calibration_enable
 .text.adc_mode_config
                0x080016bc       0x18 CMakeFiles/gd32_cube.elf.dir/Drivers/STM32F1xx_HAL_Driver/Src/gd32f30x_adc.c.obj
                0x080016bc                adc_mode_config
 .text.adc_special_function_config
                0x080016d4       0x5c CMakeFiles/gd32_cube.elf.dir/Drivers/STM32F1xx_HAL_Driver/Src/gd32f30x_adc.c.obj
                0x080016d4                adc_special_function_config
 .text.adc_data_alignment_config
                0x08001730       0x18 CMakeFiles/gd32_cube.elf.dir/Drivers/STM32F1xx_HAL_Driver/Src/gd32f30x_adc.c.obj
                0x08001730                adc_data_alignment_config
 .text.adc_channel_length_config
                0x08001748       0x3c CMakeFiles/gd32_cube.elf.dir/Drivers/STM32F1xx_HAL_Driver/Src/gd32f30x_adc.c.obj
                0x08001748                adc_channel_length_config
 .text.adc_inserted_channel_config
                0x08001784       0x60 CMakeFiles/gd32_cube.elf.dir/Drivers/STM32F1xx_HAL_Driver/Src/gd32f30x_adc.c.obj
                0x08001784                adc_inserted_channel_config
 .text.adc_external_trigger_config
                0x080017e4       0x40 CMakeFiles/gd32_cube.elf.dir/Drivers/STM32F1xx_HAL_Driver/Src/gd32f30x_adc.c.obj
                0x080017e4                adc_external_trigger_config
 .text.adc_external_trigger_source_config
                0x08001824       0x2c CMakeFiles/gd32_cube.elf.dir/Drivers/STM32F1xx_HAL_Driver/Src/gd32f30x_adc.c.obj
                0x08001824                adc_external_trigger_source_config
 .text.adc_software_trigger_enable
                0x08001850       0x20 CMakeFiles/gd32_cube.elf.dir/Drivers/STM32F1xx_HAL_Driver/Src/gd32f30x_adc.c.obj
                0x08001850                adc_software_trigger_enable
 .text.adc_flag_get
                0x08001870       0x10 CMakeFiles/gd32_cube.elf.dir/Drivers/STM32F1xx_HAL_Driver/Src/gd32f30x_adc.c.obj
                0x08001870                adc_flag_get
 .text.adc_flag_clear
                0x08001880        0xc CMakeFiles/gd32_cube.elf.dir/Drivers/STM32F1xx_HAL_Driver/Src/gd32f30x_adc.c.obj
                0x08001880                adc_flag_clear
 .text.dac_enable
                0x0800188c       0x20 CMakeFiles/gd32_cube.elf.dir/Drivers/STM32F1xx_HAL_Driver/Src/gd32f30x_dac.c.obj
                0x0800188c                dac_enable
 .text.dac_output_buffer_enable
                0x080018ac       0x20 CMakeFiles/gd32_cube.elf.dir/Drivers/STM32F1xx_HAL_Driver/Src/gd32f30x_dac.c.obj
                0x080018ac                dac_output_buffer_enable
 .text.dac_trigger_disable
                0x080018cc       0x20 CMakeFiles/gd32_cube.elf.dir/Drivers/STM32F1xx_HAL_Driver/Src/gd32f30x_dac.c.obj
                0x080018cc                dac_trigger_disable
 .text.dac_wave_mode_config
                0x080018ec       0x2c CMakeFiles/gd32_cube.elf.dir/Drivers/STM32F1xx_HAL_Driver/Src/gd32f30x_dac.c.obj
                0x080018ec                dac_wave_mode_config
 .text.dac_data_set
                0x08001918       0x58 CMakeFiles/gd32_cube.elf.dir/Drivers/STM32F1xx_HAL_Driver/Src/gd32f30x_dac.c.obj
                0x08001918                dac_data_set
 .text.gpio_init
                0x08001970       0x94 CMakeFiles/gd32_cube.elf.dir/Drivers/STM32F1xx_HAL_Driver/Src/gd32f30x_gpio.c.obj
                0x08001970                gpio_init
 .text.gpio_bit_write
                0x08001a04        0xc CMakeFiles/gd32_cube.elf.dir/Drivers/STM32F1xx_HAL_Driver/Src/gd32f30x_gpio.c.obj
                0x08001a04                gpio_bit_write
 .text.gpio_input_bit_get
                0x08001a10       0x10 CMakeFiles/gd32_cube.elf.dir/Drivers/STM32F1xx_HAL_Driver/Src/gd32f30x_gpio.c.obj
                0x08001a10                gpio_input_bit_get
 .text.rcu_periph_clock_enable
                0x08001a20       0x1c CMakeFiles/gd32_cube.elf.dir/Drivers/STM32F1xx_HAL_Driver/Src/gd32f30x_rcu.c.obj
                0x08001a20                rcu_periph_clock_enable
 .text.rcu_periph_reset_enable
                0x08001a3c       0x1c CMakeFiles/gd32_cube.elf.dir/Drivers/STM32F1xx_HAL_Driver/Src/gd32f30x_rcu.c.obj
                0x08001a3c                rcu_periph_reset_enable
 .text.rcu_periph_reset_disable
                0x08001a58       0x20 CMakeFiles/gd32_cube.elf.dir/Drivers/STM32F1xx_HAL_Driver/Src/gd32f30x_rcu.c.obj
                0x08001a58                rcu_periph_reset_disable
 .text.rcu_adc_clock_config
                0x08001a78       0x64 CMakeFiles/gd32_cube.elf.dir/Drivers/STM32F1xx_HAL_Driver/Src/gd32f30x_rcu.c.obj
                0x08001a78                rcu_adc_clock_config
 .text.rcu_clock_freq_get
                0x08001adc      0x10c CMakeFiles/gd32_cube.elf.dir/Drivers/STM32F1xx_HAL_Driver/Src/gd32f30x_rcu.c.obj
                0x08001adc                rcu_clock_freq_get
 .text.spi_init
                0x08001be8       0x30 CMakeFiles/gd32_cube.elf.dir/Drivers/STM32F1xx_HAL_Driver/Src/gd32f30x_spi.c.obj
                0x08001be8                spi_init
 .text.spi_enable
                0x08001c18        0xc CMakeFiles/gd32_cube.elf.dir/Drivers/STM32F1xx_HAL_Driver/Src/gd32f30x_spi.c.obj
                0x08001c18                spi_enable
 .text.usart_deinit
                0x08001c24       0x8c CMakeFiles/gd32_cube.elf.dir/Drivers/STM32F1xx_HAL_Driver/Src/gd32f30x_usart.c.obj
                0x08001c24                usart_deinit
 .text.usart_baudrate_set
                0x08001cb0       0x80 CMakeFiles/gd32_cube.elf.dir/Drivers/STM32F1xx_HAL_Driver/Src/gd32f30x_usart.c.obj
                0x08001cb0                usart_baudrate_set
 .text.usart_enable
                0x08001d30        0xc CMakeFiles/gd32_cube.elf.dir/Drivers/STM32F1xx_HAL_Driver/Src/gd32f30x_usart.c.obj
                0x08001d30                usart_enable
 .text.usart_transmit_config
                0x08001d3c        0xc CMakeFiles/gd32_cube.elf.dir/Drivers/STM32F1xx_HAL_Driver/Src/gd32f30x_usart.c.obj
                0x08001d3c                usart_transmit_config
 .text.usart_receive_config
                0x08001d48        0xc CMakeFiles/gd32_cube.elf.dir/Drivers/STM32F1xx_HAL_Driver/Src/gd32f30x_usart.c.obj
                0x08001d48                usart_receive_config
 .text.usart_data_transmit
                0x08001d54        0x8 CMakeFiles/gd32_cube.elf.dir/Drivers/STM32F1xx_HAL_Driver/Src/gd32f30x_usart.c.obj
                0x08001d54                usart_data_transmit
 .text.usart_flag_get
                0x08001d5c       0x1c CMakeFiles/gd32_cube.elf.dir/Drivers/STM32F1xx_HAL_Driver/Src/gd32f30x_usart.c.obj
                0x08001d5c                usart_flag_get
 .text.usart_flag_clear
                0x08001d78       0x1c CMakeFiles/gd32_cube.elf.dir/Drivers/STM32F1xx_HAL_Driver/Src/gd32f30x_usart.c.obj
                0x08001d78                usart_flag_clear
 .text.SendLog  0x08001d94       0x24 CMakeFiles/gd32_cube.elf.dir/drv/drv_log/drv_log.c.obj
                0x08001d94                SendLog
 .text.LogInit  0x08001db8       0x3c CMakeFiles/gd32_cube.elf.dir/drv/drv_log/drv_log.c.obj
                0x08001db8                LogInit
 .text.SetAdcGpioPinDir
                0x08001df4       0x2c CMakeFiles/gd32_cube.elf.dir/hal/Src/gd32f303cx_adc.c.obj
 .text.AdcInit  0x08001e20       0x88 CMakeFiles/gd32_cube.elf.dir/hal/Src/gd32f303cx_adc.c.obj
                0x08001e20                AdcInit
 .text.GetAdcValue
                0x08001ea8       0x44 CMakeFiles/gd32_cube.elf.dir/hal/Src/gd32f303cx_adc.c.obj
                0x08001ea8                GetAdcValue
 .text.DacInit  0x08001eec       0x98 CMakeFiles/gd32_cube.elf.dir/hal/Src/gd32f303cx_dac.c.obj
                0x08001eec                DacInit
 .text.SetDacVol
                0x08001f84       0x28 CMakeFiles/gd32_cube.elf.dir/hal/Src/gd32f303cx_dac.c.obj
                0x08001f84                SetDacVol
 .text.DelayInit
                0x08001fac       0x4c CMakeFiles/gd32_cube.elf.dir/hal/Src/gd32f303cx_delay.c.obj
                0x08001fac                DelayInit
 .text.DelayMs  0x08001ff8       0x1c CMakeFiles/gd32_cube.elf.dir/hal/Src/gd32f303cx_delay.c.obj
                0x08001ff8                DelayMs
 .text.delay_decrement
                0x08002014       0x14 CMakeFiles/gd32_cube.elf.dir/hal/Src/gd32f303cx_delay.c.obj
                0x08002014                delay_decrement
 .text.GpioInit
                0x08002028       0x34 CMakeFiles/gd32_cube.elf.dir/hal/Src/gd32f303cx_gpio.c.obj
                0x08002028                GpioInit
 .text.SetGpioPinDir
                0x0800205c       0x64 CMakeFiles/gd32_cube.elf.dir/hal/Src/gd32f303cx_gpio.c.obj
                0x0800205c                SetGpioPinDir
 .text.SetGpioPinState
                0x080020c0       0x3c CMakeFiles/gd32_cube.elf.dir/hal/Src/gd32f303cx_gpio.c.obj
                0x080020c0                SetGpioPinState
 .text.ToggleGpioPinState
                0x080020fc       0x38 CMakeFiles/gd32_cube.elf.dir/hal/Src/gd32f303cx_gpio.c.obj
                0x080020fc                ToggleGpioPinState
 .text.SpiInit  0x08002134      0x30c CMakeFiles/gd32_cube.elf.dir/hal/Src/gd32f303cx_spi.c.obj
                0x08002134                SpiInit
 .text.UartInit
                0x08002440      0x18c CMakeFiles/gd32_cube.elf.dir/hal/Src/gd32f303cx_uart.c.obj
                0x08002440                UartInit
 .text.UartSendByte
                0x080025cc       0x48 CMakeFiles/gd32_cube.elf.dir/hal/Src/gd32f303cx_uart.c.obj
                0x080025cc                UartSendByte
 .text.Reset_Handler
                0x08002614       0x44 CMakeFiles/gd32_cube.elf.dir/startup/startup_gd32f30x_hd.s.obj
                0x08002614                Reset_Handler
 .text.Default_Handler
                0x08002658        0x2 CMakeFiles/gd32_cube.elf.dir/startup/startup_gd32f30x_hd.s.obj
                0x08002658                RTC_Alarm_IRQHandler
                0x08002658                EXTI2_IRQHandler
                0x08002658                TIMER2_IRQHandler
                0x08002658                TIMER5_IRQHandler
                0x08002658                LVD_IRQHandler
                0x08002658                TIMER0_BRK_IRQHandler
                0x08002658                ADC0_1_IRQHandler
                0x08002658                TIMER0_UP_IRQHandler
                0x08002658                SDIO_IRQHandler
                0x08002658                EXTI3_IRQHandler
                0x08002658                TIMER3_IRQHandler
                0x08002658                DMA0_Channel6_IRQHandler
                0x08002658                I2C0_EV_IRQHandler
                0x08002658                EXTI0_IRQHandler
                0x08002658                TIMER4_IRQHandler
                0x08002658                SPI1_IRQHandler
                0x08002658                DMA0_Channel0_IRQHandler
                0x08002658                TAMPER_IRQHandler
                0x08002658                DMA1_Channel0_IRQHandler
                0x08002658                TIMER6_IRQHandler
                0x08002658                DMA0_Channel3_IRQHandler
                0x08002658                I2C0_ER_IRQHandler
                0x08002658                RTC_IRQHandler
                0x08002658                TIMER7_UP_IRQHandler
                0x08002658                DMA0_Channel2_IRQHandler
                0x08002658                TIMER1_IRQHandler
                0x08002658                TIMER7_TRG_CMT_IRQHandler
                0x08002658                TIMER0_TRG_CMT_IRQHandler
                0x08002658                I2C1_EV_IRQHandler
                0x08002658                UART4_IRQHandler
                0x08002658                EXTI10_15_IRQHandler
                0x08002658                DMA1_Channel1_IRQHandler
                0x08002658                Default_Handler
                0x08002658                TIMER7_Channel_IRQHandler
                0x08002658                WWDGT_IRQHandler
                0x08002658                EXMC_IRQHandler
                0x08002658                ADC2_IRQHandler
                0x08002658                SPI2_IRQHandler
                0x08002658                USBD_WKUP_IRQHandler
                0x08002658                RCU_CTC_IRQHandler
                0x08002658                TIMER7_BRK_IRQHandler
                0x08002658                EXTI4_IRQHandler
                0x08002658                USBD_HP_CAN0_TX_IRQHandler
                0x08002658                CAN0_RX1_IRQHandler
                0x08002658                DMA0_Channel5_IRQHandler
                0x08002658                EXTI5_9_IRQHandler
                0x08002658                DMA0_Channel1_IRQHandler
                0x08002658                TIMER0_Channel_IRQHandler
                0x08002658                EXTI1_IRQHandler
                0x08002658                SPI0_IRQHandler
                0x08002658                DMA1_Channel3_4_IRQHandler
                0x08002658                USART2_IRQHandler
                0x08002658                CAN0_EWMC_IRQHandler
                0x08002658                DMA1_Channel2_IRQHandler
                0x08002658                USBD_LP_CAN0_RX0_IRQHandler
                0x08002658                USART1_IRQHandler
                0x08002658                UART3_IRQHandler
                0x08002658                I2C1_ER_IRQHandler
                0x08002658                FMC_IRQHandler
                0x08002658                DMA0_Channel4_IRQHandler
 *fill*         0x0800265a        0x2 
 .text.memset   0x0800265c       0x9c d:/gcc/gcc-arm-none-eabi-5_4-2016q3-20160926-win32/bin/../lib/gcc/arm-none-eabi/5.4.1/../../../../arm-none-eabi/lib/armv7e-m\libc.a(lib_a-memset.o)
                0x0800265c                memset
 .text.sprintf  0x080026f8       0x4c d:/gcc/gcc-arm-none-eabi-5_4-2016q3-20160926-win32/bin/../lib/gcc/arm-none-eabi/5.4.1/../../../../arm-none-eabi/lib/armv7e-m\libc.a(lib_a-sprintf.o)
                0x080026f8                sprintf
 .text._svfprintf_r
                0x08002744     0x16b0 d:/gcc/gcc-arm-none-eabi-5_4-2016q3-20160926-win32/bin/../lib/gcc/arm-none-eabi/5.4.1/../../../../arm-none-eabi/lib/armv7e-m\libc.a(lib_a-svfprintf.o)
                0x08002744                _svfprintf_r
 .text.startup.register_fini
                0x08003df4       0x14 d:/gcc/gcc-arm-none-eabi-5_4-2016q3-20160926-win32/bin/../lib/gcc/arm-none-eabi/5.4.1/../../../../arm-none-eabi/lib/armv7e-m\libc.a(lib_a-__call_atexit.o)
 .text.atexit   0x08003e08        0xc d:/gcc/gcc-arm-none-eabi-5_4-2016q3-20160926-win32/bin/../lib/gcc/arm-none-eabi/5.4.1/../../../../arm-none-eabi/lib/armv7e-m\libc.a(lib_a-atexit.o)
                0x08003e08                atexit
 .text.quorem   0x08003e14      0x128 d:/gcc/gcc-arm-none-eabi-5_4-2016q3-20160926-win32/bin/../lib/gcc/arm-none-eabi/5.4.1/../../../../arm-none-eabi/lib/armv7e-m\libc.a(lib_a-dtoa.o)
 *fill*         0x08003f3c        0x4 
 .text._dtoa_r  0x08003f40      0xe58 d:/gcc/gcc-arm-none-eabi-5_4-2016q3-20160926-win32/bin/../lib/gcc/arm-none-eabi/5.4.1/../../../../arm-none-eabi/lib/armv7e-m\libc.a(lib_a-dtoa.o)
                0x08003f40                _dtoa_r
 .text.__libc_fini_array
                0x08004d98       0x28 d:/gcc/gcc-arm-none-eabi-5_4-2016q3-20160926-win32/bin/../lib/gcc/arm-none-eabi/5.4.1/../../../../arm-none-eabi/lib/armv7e-m\libc.a(lib_a-fini.o)
                0x08004d98                __libc_fini_array
 .text._localeconv_r
                0x08004dc0       0x1c d:/gcc/gcc-arm-none-eabi-5_4-2016q3-20160926-win32/bin/../lib/gcc/arm-none-eabi/5.4.1/../../../../arm-none-eabi/lib/armv7e-m\libc.a(lib_a-localeconv.o)
                0x08004dc0                _localeconv_r
 .text._malloc_r
                0x08004ddc      0x570 d:/gcc/gcc-arm-none-eabi-5_4-2016q3-20160926-win32/bin/../lib/gcc/arm-none-eabi/5.4.1/../../../../arm-none-eabi/lib/armv7e-m\libc.a(lib_a-mallocr.o)
                0x08004ddc                _malloc_r
 .text.__malloc_lock
                0x0800534c        0x4 d:/gcc/gcc-arm-none-eabi-5_4-2016q3-20160926-win32/bin/../lib/gcc/arm-none-eabi/5.4.1/../../../../arm-none-eabi/lib/armv7e-m\libc.a(lib_a-mlock.o)
                0x0800534c                __malloc_lock
 .text.__malloc_unlock
                0x08005350        0x4 d:/gcc/gcc-arm-none-eabi-5_4-2016q3-20160926-win32/bin/../lib/gcc/arm-none-eabi/5.4.1/../../../../arm-none-eabi/lib/armv7e-m\libc.a(lib_a-mlock.o)
                0x08005350                __malloc_unlock
 .text._Balloc  0x08005354       0x4c d:/gcc/gcc-arm-none-eabi-5_4-2016q3-20160926-win32/bin/../lib/gcc/arm-none-eabi/5.4.1/../../../../arm-none-eabi/lib/armv7e-m\libc.a(lib_a-mprec.o)
                0x08005354                _Balloc
 .text._Bfree   0x080053a0       0x14 d:/gcc/gcc-arm-none-eabi-5_4-2016q3-20160926-win32/bin/../lib/gcc/arm-none-eabi/5.4.1/../../../../arm-none-eabi/lib/armv7e-m\libc.a(lib_a-mprec.o)
                0x080053a0                _Bfree
 .text.__multadd
                0x080053b4       0x80 d:/gcc/gcc-arm-none-eabi-5_4-2016q3-20160926-win32/bin/../lib/gcc/arm-none-eabi/5.4.1/../../../../arm-none-eabi/lib/armv7e-m\libc.a(lib_a-mprec.o)
                0x080053b4                __multadd
 .text.__hi0bits
                0x08005434       0x40 d:/gcc/gcc-arm-none-eabi-5_4-2016q3-20160926-win32/bin/../lib/gcc/arm-none-eabi/5.4.1/../../../../arm-none-eabi/lib/armv7e-m\libc.a(lib_a-mprec.o)
                0x08005434                __hi0bits
 .text.__lo0bits
                0x08005474       0x5c d:/gcc/gcc-arm-none-eabi-5_4-2016q3-20160926-win32/bin/../lib/gcc/arm-none-eabi/5.4.1/../../../../arm-none-eabi/lib/armv7e-m\libc.a(lib_a-mprec.o)
                0x08005474                __lo0bits
 .text.__i2b    0x080054d0       0x14 d:/gcc/gcc-arm-none-eabi-5_4-2016q3-20160926-win32/bin/../lib/gcc/arm-none-eabi/5.4.1/../../../../arm-none-eabi/lib/armv7e-m\libc.a(lib_a-mprec.o)
                0x080054d0                __i2b
 .text.__multiply
                0x080054e4      0x130 d:/gcc/gcc-arm-none-eabi-5_4-2016q3-20160926-win32/bin/../lib/gcc/arm-none-eabi/5.4.1/../../../../arm-none-eabi/lib/armv7e-m\libc.a(lib_a-mprec.o)
                0x080054e4                __multiply
 .text.__pow5mult
                0x08005614       0xa0 d:/gcc/gcc-arm-none-eabi-5_4-2016q3-20160926-win32/bin/../lib/gcc/arm-none-eabi/5.4.1/../../../../arm-none-eabi/lib/armv7e-m\libc.a(lib_a-mprec.o)
                0x08005614                __pow5mult
 .text.__lshift
                0x080056b4       0xb0 d:/gcc/gcc-arm-none-eabi-5_4-2016q3-20160926-win32/bin/../lib/gcc/arm-none-eabi/5.4.1/../../../../arm-none-eabi/lib/armv7e-m\libc.a(lib_a-mprec.o)
                0x080056b4                __lshift
 .text.__mcmp   0x08005764       0x40 d:/gcc/gcc-arm-none-eabi-5_4-2016q3-20160926-win32/bin/../lib/gcc/arm-none-eabi/5.4.1/../../../../arm-none-eabi/lib/armv7e-m\libc.a(lib_a-mprec.o)
                0x08005764                __mcmp
 .text.__mdiff  0x080057a4      0x114 d:/gcc/gcc-arm-none-eabi-5_4-2016q3-20160926-win32/bin/../lib/gcc/arm-none-eabi/5.4.1/../../../../arm-none-eabi/lib/armv7e-m\libc.a(lib_a-mprec.o)
                0x080057a4                __mdiff
 .text.__d2b    0x080058b8       0xb8 d:/gcc/gcc-arm-none-eabi-5_4-2016q3-20160926-win32/bin/../lib/gcc/arm-none-eabi/5.4.1/../../../../arm-none-eabi/lib/armv7e-m\libc.a(lib_a-mprec.o)
                0x080058b8                __d2b
 .text._sbrk_r  0x08005970       0x24 d:/gcc/gcc-arm-none-eabi-5_4-2016q3-20160926-win32/bin/../lib/gcc/arm-none-eabi/5.4.1/../../../../arm-none-eabi/lib/armv7e-m\libc.a(lib_a-sbrkr.o)
                0x08005970                _sbrk_r
 .text.__ssprint_r
                0x08005994      0x100 d:/gcc/gcc-arm-none-eabi-5_4-2016q3-20160926-win32/bin/../lib/gcc/arm-none-eabi/5.4.1/../../../../arm-none-eabi/lib/armv7e-m\libc.a(lib_a-svfiprintf.o)
                0x08005994                __ssprint_r
 .text.__register_exitproc
                0x08005a94       0xa4 d:/gcc/gcc-arm-none-eabi-5_4-2016q3-20160926-win32/bin/../lib/gcc/arm-none-eabi/5.4.1/../../../../arm-none-eabi/lib/armv7e-m\libc.a(lib_a-__atexit.o)
                0x08005a94                __register_exitproc
 .text._calloc_r
                0x08005b38       0x60 d:/gcc/gcc-arm-none-eabi-5_4-2016q3-20160926-win32/bin/../lib/gcc/arm-none-eabi/5.4.1/../../../../arm-none-eabi/lib/armv7e-m\libc.a(lib_a-callocr.o)
                0x08005b38                _calloc_r
 .text._malloc_trim_r
                0x08005b98       0x9c d:/gcc/gcc-arm-none-eabi-5_4-2016q3-20160926-win32/bin/../lib/gcc/arm-none-eabi/5.4.1/../../../../arm-none-eabi/lib/armv7e-m\libc.a(lib_a-freer.o)
                0x08005b98                _malloc_trim_r
 .text._free_r  0x08005c34      0x1d0 d:/gcc/gcc-arm-none-eabi-5_4-2016q3-20160926-win32/bin/../lib/gcc/arm-none-eabi/5.4.1/../../../../arm-none-eabi/lib/armv7e-m\libc.a(lib_a-freer.o)
                0x08005c34                _free_r
 .text.__ascii_mbtowc
                0x08005e04       0x2c d:/gcc/gcc-arm-none-eabi-5_4-2016q3-20160926-win32/bin/../lib/gcc/arm-none-eabi/5.4.1/../../../../arm-none-eabi/lib/armv7e-m\libc.a(lib_a-mbtowc_r.o)
                0x08005e04                __ascii_mbtowc
 .text.memmove  0x08005e30       0xc8 d:/gcc/gcc-arm-none-eabi-5_4-2016q3-20160926-win32/bin/../lib/gcc/arm-none-eabi/5.4.1/../../../../arm-none-eabi/lib/armv7e-m\libc.a(lib_a-memmove.o)
                0x08005e30                memmove
 .text._realloc_r
                0x08005ef8      0x3e0 d:/gcc/gcc-arm-none-eabi-5_4-2016q3-20160926-win32/bin/../lib/gcc/arm-none-eabi/5.4.1/../../../../arm-none-eabi/lib/armv7e-m\libc.a(lib_a-reallocr.o)
                0x08005ef8                _realloc_r
 .text.__ascii_wctomb
                0x080062d8       0x1c d:/gcc/gcc-arm-none-eabi-5_4-2016q3-20160926-win32/bin/../lib/gcc/arm-none-eabi/5.4.1/../../../../arm-none-eabi/lib/armv7e-m\libc.a(lib_a-wctomb_r.o)
                0x080062d8                __ascii_wctomb
 .text._sbrk    0x080062f4       0x1c d:/gcc/gcc-arm-none-eabi-5_4-2016q3-20160926-win32/bin/../lib/gcc/arm-none-eabi/5.4.1/../../../../arm-none-eabi/lib/armv7e-m\libnosys.a(sbrk.o)
                0x080062f4                _sbrk
 *(.glue_7)
 .glue_7        0x08006310        0x0 linker stubs
 *(.glue_7t)
 .glue_7t       0x08006310        0x0 linker stubs
 *(.eh_frame)
 .eh_frame      0x08006310        0x0 d:/gcc/gcc-arm-none-eabi-5_4-2016q3-20160926-win32/bin/../lib/gcc/arm-none-eabi/5.4.1/armv7e-m/crtbegin.o
 *(.init)
 .init          0x08006310        0x4 d:/gcc/gcc-arm-none-eabi-5_4-2016q3-20160926-win32/bin/../lib/gcc/arm-none-eabi/5.4.1/armv7e-m/crti.o
                0x08006310                _init
 .init          0x08006314        0x8 d:/gcc/gcc-arm-none-eabi-5_4-2016q3-20160926-win32/bin/../lib/gcc/arm-none-eabi/5.4.1/armv7e-m/crtn.o
 *(.fini)
 .fini          0x0800631c        0x4 d:/gcc/gcc-arm-none-eabi-5_4-2016q3-20160926-win32/bin/../lib/gcc/arm-none-eabi/5.4.1/armv7e-m/crti.o
                0x0800631c                _fini
 .fini          0x08006320        0x8 d:/gcc/gcc-arm-none-eabi-5_4-2016q3-20160926-win32/bin/../lib/gcc/arm-none-eabi/5.4.1/armv7e-m/crtn.o
                0x08006328                . = ALIGN (0x4)
                0x08006328                _etext = .

.vfp11_veneer   0x08006328        0x0
 .vfp11_veneer  0x08006328        0x0 linker stubs

.v4_bx          0x08006328        0x0
 .v4_bx         0x08006328        0x0 linker stubs

.iplt           0x08006328        0x0
 .iplt          0x08006328        0x0 d:/gcc/gcc-arm-none-eabi-5_4-2016q3-20160926-win32/bin/../lib/gcc/arm-none-eabi/5.4.1/armv7e-m/crtbegin.o

.rodata         0x08006328      0x41c
                0x08006328                . = ALIGN (0x4)
 *(.rodata)
 .rodata        0x08006328       0x12 CMakeFiles/gd32_cube.elf.dir/Core/Src/main.c.obj
 *fill*         0x0800633a        0x2 
 .rodata        0x0800633c       0x18 CMakeFiles/gd32_cube.elf.dir/Drivers/STM32F1xx_HAL_Driver/Src/gd32f30x_rcu.c.obj
 *(.rodata*)
 .rodata.str1.4
                0x08006354      0x134 CMakeFiles/gd32_cube.elf.dir/Core/Src/main.c.obj
 .rodata.str1.4
                0x08006488        0xd CMakeFiles/gd32_cube.elf.dir/drv/drv_log/drv_log.c.obj
                                 0x13 (size before relaxing)
 *fill*         0x08006495        0x3 
 .rodata.AdcGpio
                0x08006498       0x20 CMakeFiles/gd32_cube.elf.dir/hal/Src/gd32f303cx_adc.c.obj
 .rodata._global_impure_ptr
                0x080064b8        0x4 d:/gcc/gcc-arm-none-eabi-5_4-2016q3-20160926-win32/bin/../lib/gcc/arm-none-eabi/5.4.1/../../../../arm-none-eabi/lib/armv7e-m\libc.a(lib_a-impure.o)
                0x080064b8                _global_impure_ptr
 .rodata.zeroes.7256
                0x080064bc       0x10 d:/gcc/gcc-arm-none-eabi-5_4-2016q3-20160926-win32/bin/../lib/gcc/arm-none-eabi/5.4.1/../../../../arm-none-eabi/lib/armv7e-m\libc.a(lib_a-svfprintf.o)
 .rodata.str1.4
                0x080064cc       0x42 d:/gcc/gcc-arm-none-eabi-5_4-2016q3-20160926-win32/bin/../lib/gcc/arm-none-eabi/5.4.1/../../../../arm-none-eabi/lib/armv7e-m\libc.a(lib_a-svfprintf.o)
 *fill*         0x0800650e        0x2 
 .rodata.blanks.7255
                0x08006510       0x10 d:/gcc/gcc-arm-none-eabi-5_4-2016q3-20160926-win32/bin/../lib/gcc/arm-none-eabi/5.4.1/../../../../arm-none-eabi/lib/armv7e-m\libc.a(lib_a-svfprintf.o)
 .rodata.str1.4
                0x08006520       0x10 d:/gcc/gcc-arm-none-eabi-5_4-2016q3-20160926-win32/bin/../lib/gcc/arm-none-eabi/5.4.1/../../../../arm-none-eabi/lib/armv7e-m\libc.a(lib_a-dtoa.o)
                                 0x12 (size before relaxing)
 .rodata.__mprec_tens
                0x08006530       0xc8 d:/gcc/gcc-arm-none-eabi-5_4-2016q3-20160926-win32/bin/../lib/gcc/arm-none-eabi/5.4.1/../../../../arm-none-eabi/lib/armv7e-m\libc.a(lib_a-mprec.o)
                0x08006530                __mprec_tens
 .rodata.p05.6085
                0x080065f8        0xc d:/gcc/gcc-arm-none-eabi-5_4-2016q3-20160926-win32/bin/../lib/gcc/arm-none-eabi/5.4.1/../../../../arm-none-eabi/lib/armv7e-m\libc.a(lib_a-mprec.o)
 *fill*         0x08006604        0x4 
 .rodata.__mprec_bigtens
                0x08006608       0x28 d:/gcc/gcc-arm-none-eabi-5_4-2016q3-20160926-win32/bin/../lib/gcc/arm-none-eabi/5.4.1/../../../../arm-none-eabi/lib/armv7e-m\libc.a(lib_a-mprec.o)
                0x08006608                __mprec_bigtens
 .rodata.str1.4
                0x08006630       0x10 d:/gcc/gcc-arm-none-eabi-5_4-2016q3-20160926-win32/bin/../lib/gcc/arm-none-eabi/5.4.1/../../../../arm-none-eabi/lib/armv7e-m\libc.a(lib_a-locale.o)
                                 0x12 (size before relaxing)
 .rodata._ctype_
                0x08006640      0x101 d:/gcc/gcc-arm-none-eabi-5_4-2016q3-20160926-win32/bin/../lib/gcc/arm-none-eabi/5.4.1/../../../../arm-none-eabi/lib/armv7e-m\libc.a(lib_a-ctype_.o)
                0x08006640                _ctype_
                0x08006744                . = ALIGN (0x4)
 *fill*         0x08006741        0x3 

.ARM.extab
 *(.ARM.extab* .gnu.linkonce.armextab.*)

.ARM            0x08006744        0x8
                0x08006744                __exidx_start = .
 *(.ARM.exidx*)
 .ARM.exidx     0x08006744        0x8 d:/gcc/gcc-arm-none-eabi-5_4-2016q3-20160926-win32/bin/../lib/gcc/arm-none-eabi/5.4.1/armv7e-m\libgcc.a(_udivmoddi4.o)
                0x0800674c                __exidx_end = .

.rel.dyn        0x0800674c        0x0
 .rel.iplt      0x0800674c        0x0 d:/gcc/gcc-arm-none-eabi-5_4-2016q3-20160926-win32/bin/../lib/gcc/arm-none-eabi/5.4.1/armv7e-m/crtbegin.o

.ARM.attributes
                0x0800674c       0x2a
 *(.ARM.attributes)
 .ARM.attributes
                0x0800674c       0x1e d:/gcc/gcc-arm-none-eabi-5_4-2016q3-20160926-win32/bin/../lib/gcc/arm-none-eabi/5.4.1/armv7e-m/crti.o
 .ARM.attributes
                0x0800676a       0x2e d:/gcc/gcc-arm-none-eabi-5_4-2016q3-20160926-win32/bin/../lib/gcc/arm-none-eabi/5.4.1/armv7e-m/crtbegin.o
 .ARM.attributes
                0x08006798       0x33 CMakeFiles/gd32_cube.elf.dir/Core/Src/gd32f30x_it.c.obj
 .ARM.attributes
                0x080067cb       0x33 CMakeFiles/gd32_cube.elf.dir/Core/Src/main.c.obj
 .ARM.attributes
                0x080067fe       0x33 CMakeFiles/gd32_cube.elf.dir/Drivers/CMSIS/system_gd32f30x.c.obj
 .ARM.attributes
                0x08006831       0x33 CMakeFiles/gd32_cube.elf.dir/Drivers/STM32F1xx_HAL_Driver/Src/gd32f30x_adc.c.obj
 .ARM.attributes
                0x08006864       0x33 CMakeFiles/gd32_cube.elf.dir/Drivers/STM32F1xx_HAL_Driver/Src/gd32f30x_dac.c.obj
 .ARM.attributes
                0x08006897       0x33 CMakeFiles/gd32_cube.elf.dir/Drivers/STM32F1xx_HAL_Driver/Src/gd32f30x_gpio.c.obj
 .ARM.attributes
                0x080068ca       0x33 CMakeFiles/gd32_cube.elf.dir/Drivers/STM32F1xx_HAL_Driver/Src/gd32f30x_rcu.c.obj
 .ARM.attributes
                0x080068fd       0x33 CMakeFiles/gd32_cube.elf.dir/Drivers/STM32F1xx_HAL_Driver/Src/gd32f30x_spi.c.obj
 .ARM.attributes
                0x08006930       0x33 CMakeFiles/gd32_cube.elf.dir/Drivers/STM32F1xx_HAL_Driver/Src/gd32f30x_usart.c.obj
 .ARM.attributes
                0x08006963       0x33 CMakeFiles/gd32_cube.elf.dir/drv/drv_log/drv_log.c.obj
 .ARM.attributes
                0x08006996       0x33 CMakeFiles/gd32_cube.elf.dir/hal/Src/gd32f303cx_adc.c.obj
 .ARM.attributes
                0x080069c9       0x33 CMakeFiles/gd32_cube.elf.dir/hal/Src/gd32f303cx_dac.c.obj
 .ARM.attributes
                0x080069fc       0x33 CMakeFiles/gd32_cube.elf.dir/hal/Src/gd32f303cx_delay.c.obj
 .ARM.attributes
                0x08006a2f       0x33 CMakeFiles/gd32_cube.elf.dir/hal/Src/gd32f303cx_gpio.c.obj
 .ARM.attributes
                0x08006a62       0x33 CMakeFiles/gd32_cube.elf.dir/hal/Src/gd32f303cx_spi.c.obj
 .ARM.attributes
                0x08006a95       0x33 CMakeFiles/gd32_cube.elf.dir/hal/Src/gd32f303cx_uart.c.obj
 .ARM.attributes
                0x08006ac8       0x21 CMakeFiles/gd32_cube.elf.dir/startup/startup_gd32f30x_hd.s.obj
 .ARM.attributes
                0x08006ae9       0x2e d:/gcc/gcc-arm-none-eabi-5_4-2016q3-20160926-win32/bin/../lib/gcc/arm-none-eabi/5.4.1/../../../../arm-none-eabi/lib/armv7e-m\libc.a(lib_a-impure.o)
 .ARM.attributes
                0x08006b17       0x2e d:/gcc/gcc-arm-none-eabi-5_4-2016q3-20160926-win32/bin/../lib/gcc/arm-none-eabi/5.4.1/../../../../arm-none-eabi/lib/armv7e-m\libc.a(lib_a-memset.o)
 .ARM.attributes
                0x08006b45       0x2e d:/gcc/gcc-arm-none-eabi-5_4-2016q3-20160926-win32/bin/../lib/gcc/arm-none-eabi/5.4.1/../../../../arm-none-eabi/lib/armv7e-m\libc.a(lib_a-sprintf.o)
 .ARM.attributes
                0x08006b73       0x1c d:/gcc/gcc-arm-none-eabi-5_4-2016q3-20160926-win32/bin/../lib/gcc/arm-none-eabi/5.4.1/../../../../arm-none-eabi/lib/armv7e-m\libc.a(lib_a-strlen.o)
 .ARM.attributes
                0x08006b8f       0x2e d:/gcc/gcc-arm-none-eabi-5_4-2016q3-20160926-win32/bin/../lib/gcc/arm-none-eabi/5.4.1/../../../../arm-none-eabi/lib/armv7e-m\libc.a(lib_a-svfprintf.o)
 .ARM.attributes
                0x08006bbd       0x2e d:/gcc/gcc-arm-none-eabi-5_4-2016q3-20160926-win32/bin/../lib/gcc/arm-none-eabi/5.4.1/../../../../arm-none-eabi/lib/armv7e-m\libc.a(lib_a-__call_atexit.o)
 .ARM.attributes
                0x08006beb       0x2e d:/gcc/gcc-arm-none-eabi-5_4-2016q3-20160926-win32/bin/../lib/gcc/arm-none-eabi/5.4.1/../../../../arm-none-eabi/lib/armv7e-m\libc.a(lib_a-atexit.o)
 .ARM.attributes
                0x08006c19       0x2e d:/gcc/gcc-arm-none-eabi-5_4-2016q3-20160926-win32/bin/../lib/gcc/arm-none-eabi/5.4.1/../../../../arm-none-eabi/lib/armv7e-m\libc.a(lib_a-dtoa.o)
 .ARM.attributes
                0x08006c47       0x2e d:/gcc/gcc-arm-none-eabi-5_4-2016q3-20160926-win32/bin/../lib/gcc/arm-none-eabi/5.4.1/../../../../arm-none-eabi/lib/armv7e-m\libc.a(lib_a-fini.o)
 .ARM.attributes
                0x08006c75       0x2e d:/gcc/gcc-arm-none-eabi-5_4-2016q3-20160926-win32/bin/../lib/gcc/arm-none-eabi/5.4.1/../../../../arm-none-eabi/lib/armv7e-m\libc.a(lib_a-localeconv.o)
 .ARM.attributes
                0x08006ca3       0x2e d:/gcc/gcc-arm-none-eabi-5_4-2016q3-20160926-win32/bin/../lib/gcc/arm-none-eabi/5.4.1/../../../../arm-none-eabi/lib/armv7e-m\libc.a(lib_a-mallocr.o)
 .ARM.attributes
                0x08006cd1       0x1c d:/gcc/gcc-arm-none-eabi-5_4-2016q3-20160926-win32/bin/../lib/gcc/arm-none-eabi/5.4.1/../../../../arm-none-eabi/lib/armv7e-m\libc.a(lib_a-memchr.o)
 .ARM.attributes
                0x08006ced       0x1c d:/gcc/gcc-arm-none-eabi-5_4-2016q3-20160926-win32/bin/../lib/gcc/arm-none-eabi/5.4.1/../../../../arm-none-eabi/lib/armv7e-m\libc.a(lib_a-memcpy.o)
 .ARM.attributes
                0x08006d09       0x2e d:/gcc/gcc-arm-none-eabi-5_4-2016q3-20160926-win32/bin/../lib/gcc/arm-none-eabi/5.4.1/../../../../arm-none-eabi/lib/armv7e-m\libc.a(lib_a-mlock.o)
 .ARM.attributes
                0x08006d37       0x2e d:/gcc/gcc-arm-none-eabi-5_4-2016q3-20160926-win32/bin/../lib/gcc/arm-none-eabi/5.4.1/../../../../arm-none-eabi/lib/armv7e-m\libc.a(lib_a-mprec.o)
 .ARM.attributes
                0x08006d65       0x2e d:/gcc/gcc-arm-none-eabi-5_4-2016q3-20160926-win32/bin/../lib/gcc/arm-none-eabi/5.4.1/../../../../arm-none-eabi/lib/armv7e-m\libc.a(lib_a-sbrkr.o)
 .ARM.attributes
                0x08006d93       0x2e d:/gcc/gcc-arm-none-eabi-5_4-2016q3-20160926-win32/bin/../lib/gcc/arm-none-eabi/5.4.1/../../../../arm-none-eabi/lib/armv7e-m\libc.a(lib_a-svfiprintf.o)
 .ARM.attributes
                0x08006dc1       0x2e d:/gcc/gcc-arm-none-eabi-5_4-2016q3-20160926-win32/bin/../lib/gcc/arm-none-eabi/5.4.1/../../../../arm-none-eabi/lib/armv7e-m\libc.a(lib_a-__atexit.o)
 .ARM.attributes
                0x08006def       0x2e d:/gcc/gcc-arm-none-eabi-5_4-2016q3-20160926-win32/bin/../lib/gcc/arm-none-eabi/5.4.1/../../../../arm-none-eabi/lib/armv7e-m\libc.a(lib_a-callocr.o)
 .ARM.attributes
                0x08006e1d       0x2e d:/gcc/gcc-arm-none-eabi-5_4-2016q3-20160926-win32/bin/../lib/gcc/arm-none-eabi/5.4.1/../../../../arm-none-eabi/lib/armv7e-m\libc.a(lib_a-freer.o)
 .ARM.attributes
                0x08006e4b       0x2e d:/gcc/gcc-arm-none-eabi-5_4-2016q3-20160926-win32/bin/../lib/gcc/arm-none-eabi/5.4.1/../../../../arm-none-eabi/lib/armv7e-m\libc.a(lib_a-locale.o)
 .ARM.attributes
                0x08006e79       0x2e d:/gcc/gcc-arm-none-eabi-5_4-2016q3-20160926-win32/bin/../lib/gcc/arm-none-eabi/5.4.1/../../../../arm-none-eabi/lib/armv7e-m\libc.a(lib_a-mbtowc_r.o)
 .ARM.attributes
                0x08006ea7       0x2e d:/gcc/gcc-arm-none-eabi-5_4-2016q3-20160926-win32/bin/../lib/gcc/arm-none-eabi/5.4.1/../../../../arm-none-eabi/lib/armv7e-m\libc.a(lib_a-memmove.o)
 .ARM.attributes
                0x08006ed5       0x2e d:/gcc/gcc-arm-none-eabi-5_4-2016q3-20160926-win32/bin/../lib/gcc/arm-none-eabi/5.4.1/../../../../arm-none-eabi/lib/armv7e-m\libc.a(lib_a-reallocr.o)
 .ARM.attributes
                0x08006f03       0x2e d:/gcc/gcc-arm-none-eabi-5_4-2016q3-20160926-win32/bin/../lib/gcc/arm-none-eabi/5.4.1/../../../../arm-none-eabi/lib/armv7e-m\libc.a(lib_a-reent.o)
 .ARM.attributes
                0x08006f31       0x2e d:/gcc/gcc-arm-none-eabi-5_4-2016q3-20160926-win32/bin/../lib/gcc/arm-none-eabi/5.4.1/../../../../arm-none-eabi/lib/armv7e-m\libc.a(lib_a-wctomb_r.o)
 .ARM.attributes
                0x08006f5f       0x2e d:/gcc/gcc-arm-none-eabi-5_4-2016q3-20160926-win32/bin/../lib/gcc/arm-none-eabi/5.4.1/../../../../arm-none-eabi/lib/armv7e-m\libc.a(lib_a-ctype_.o)
 .ARM.attributes
                0x08006f8d       0x1e d:/gcc/gcc-arm-none-eabi-5_4-2016q3-20160926-win32/bin/../lib/gcc/arm-none-eabi/5.4.1/armv7e-m\libgcc.a(_arm_addsubdf3.o)
 .ARM.attributes
                0x08006fab       0x1e d:/gcc/gcc-arm-none-eabi-5_4-2016q3-20160926-win32/bin/../lib/gcc/arm-none-eabi/5.4.1/armv7e-m\libgcc.a(_arm_muldivdf3.o)
 .ARM.attributes
                0x08006fc9       0x1e d:/gcc/gcc-arm-none-eabi-5_4-2016q3-20160926-win32/bin/../lib/gcc/arm-none-eabi/5.4.1/armv7e-m\libgcc.a(_arm_cmpdf2.o)
 .ARM.attributes
                0x08006fe7       0x1e d:/gcc/gcc-arm-none-eabi-5_4-2016q3-20160926-win32/bin/../lib/gcc/arm-none-eabi/5.4.1/armv7e-m\libgcc.a(_arm_unorddf2.o)
 .ARM.attributes
                0x08007005       0x1e d:/gcc/gcc-arm-none-eabi-5_4-2016q3-20160926-win32/bin/../lib/gcc/arm-none-eabi/5.4.1/armv7e-m\libgcc.a(_arm_fixdfsi.o)
 .ARM.attributes
                0x08007023       0x1e d:/gcc/gcc-arm-none-eabi-5_4-2016q3-20160926-win32/bin/../lib/gcc/arm-none-eabi/5.4.1/armv7e-m\libgcc.a(_aeabi_uldivmod.o)
 .ARM.attributes
                0x08007041       0x2e d:/gcc/gcc-arm-none-eabi-5_4-2016q3-20160926-win32/bin/../lib/gcc/arm-none-eabi/5.4.1/armv7e-m\libgcc.a(_udivmoddi4.o)
 .ARM.attributes
                0x0800706f       0x1e d:/gcc/gcc-arm-none-eabi-5_4-2016q3-20160926-win32/bin/../lib/gcc/arm-none-eabi/5.4.1/armv7e-m\libgcc.a(_dvmd_tls.o)
 .ARM.attributes
                0x0800708d       0x1e d:/gcc/gcc-arm-none-eabi-5_4-2016q3-20160926-win32/bin/../lib/gcc/arm-none-eabi/5.4.1/armv7e-m/crtn.o
 .ARM.attributes
                0x080070ab       0x2e d:/gcc/gcc-arm-none-eabi-5_4-2016q3-20160926-win32/bin/../lib/gcc/arm-none-eabi/5.4.1/../../../../arm-none-eabi/lib/armv7e-m\libnosys.a(sbrk.o)

.preinit_array  0x0800674c        0x0
                0x0800674c                PROVIDE (__preinit_array_start, .)
 *(.preinit_array*)
                0x0800674c                PROVIDE (__preinit_array_end, .)

.init_array     0x0800674c        0x8
                0x0800674c                PROVIDE (__init_array_start, .)
 *(SORT(.init_array.*))
 .init_array.00000
                0x0800674c        0x4 d:/gcc/gcc-arm-none-eabi-5_4-2016q3-20160926-win32/bin/../lib/gcc/arm-none-eabi/5.4.1/../../../../arm-none-eabi/lib/armv7e-m\libc.a(lib_a-__call_atexit.o)
 *(.init_array*)
 .init_array    0x08006750        0x4 d:/gcc/gcc-arm-none-eabi-5_4-2016q3-20160926-win32/bin/../lib/gcc/arm-none-eabi/5.4.1/armv7e-m/crtbegin.o
                0x08006754                PROVIDE (__init_array_end, .)

.fini_array     0x08006754        0x4
                0x08006754                PROVIDE (__fini_array_start, .)
 *(.fini_array*)
 .fini_array    0x08006754        0x4 d:/gcc/gcc-arm-none-eabi-5_4-2016q3-20160926-win32/bin/../lib/gcc/arm-none-eabi/5.4.1/armv7e-m/crtbegin.o
 *(SORT(.fini_array.*))
                0x08006758                PROVIDE (__fini_array_end, .)
                0x08006758                _sidata = LOADADDR (.data)

.data           0x20000000      0x9c0 load address 0x08006758
                0x20000000                . = ALIGN (0x4)
                0x20000000                _sdata = .
 *(.data)
 *(.data*)
 .data.SystemCoreClock
                0x20000000        0x4 CMakeFiles/gd32_cube.elf.dir/Drivers/CMSIS/system_gd32f30x.c.obj
                0x20000000                SystemCoreClock
 .data.DacName  0x20000004        0x8 CMakeFiles/gd32_cube.elf.dir/hal/Src/gd32f303cx_dac.c.obj
                0x20000004                DacName
 .data.spi_name
                0x2000000c        0xc CMakeFiles/gd32_cube.elf.dir/hal/Src/gd32f303cx_spi.c.obj
                0x2000000c                spi_name
 .data.impure_data
                0x20000018      0x428 d:/gcc/gcc-arm-none-eabi-5_4-2016q3-20160926-win32/bin/../lib/gcc/arm-none-eabi/5.4.1/../../../../arm-none-eabi/lib/armv7e-m\libc.a(lib_a-impure.o)
 .data._impure_ptr
                0x20000440        0x4 d:/gcc/gcc-arm-none-eabi-5_4-2016q3-20160926-win32/bin/../lib/gcc/arm-none-eabi/5.4.1/../../../../arm-none-eabi/lib/armv7e-m\libc.a(lib_a-impure.o)
                0x20000440                _impure_ptr
 .data.__malloc_av_
                0x20000444      0x408 d:/gcc/gcc-arm-none-eabi-5_4-2016q3-20160926-win32/bin/../lib/gcc/arm-none-eabi/5.4.1/../../../../arm-none-eabi/lib/armv7e-m\libc.a(lib_a-mallocr.o)
                0x20000444                __malloc_av_
 .data.__malloc_trim_threshold
                0x2000084c        0x4 d:/gcc/gcc-arm-none-eabi-5_4-2016q3-20160926-win32/bin/../lib/gcc/arm-none-eabi/5.4.1/../../../../arm-none-eabi/lib/armv7e-m\libc.a(lib_a-mallocr.o)
                0x2000084c                __malloc_trim_threshold
 .data.__malloc_sbrk_base
                0x20000850        0x4 d:/gcc/gcc-arm-none-eabi-5_4-2016q3-20160926-win32/bin/../lib/gcc/arm-none-eabi/5.4.1/../../../../arm-none-eabi/lib/armv7e-m\libc.a(lib_a-mallocr.o)
                0x20000850                __malloc_sbrk_base
 .data.__global_locale
                0x20000854      0x16c d:/gcc/gcc-arm-none-eabi-5_4-2016q3-20160926-win32/bin/../lib/gcc/arm-none-eabi/5.4.1/../../../../arm-none-eabi/lib/armv7e-m\libc.a(lib_a-locale.o)
                0x20000854                __global_locale
                0x200009c0                . = ALIGN (0x4)
                0x200009c0                _edata = .

.jcr            0x200009c0        0x0 load address 0x08007118
 .jcr           0x200009c0        0x0 d:/gcc/gcc-arm-none-eabi-5_4-2016q3-20160926-win32/bin/../lib/gcc/arm-none-eabi/5.4.1/armv7e-m/crtbegin.o

.igot.plt       0x200009c0        0x0 load address 0x08007118
 .igot.plt      0x200009c0        0x0 d:/gcc/gcc-arm-none-eabi-5_4-2016q3-20160926-win32/bin/../lib/gcc/arm-none-eabi/5.4.1/armv7e-m/crtbegin.o
                0x200009c0                . = ALIGN (0x4)

.bss            0x200009c0       0xc8 load address 0x08007118
                0x200009c0                _sbss = .
                0x200009c0                __bss_start__ = _sbss
 *(.bss)
 .bss           0x200009c0       0x1c d:/gcc/gcc-arm-none-eabi-5_4-2016q3-20160926-win32/bin/../lib/gcc/arm-none-eabi/5.4.1/armv7e-m/crtbegin.o
 *(.bss*)
 .bss.delay     0x200009dc        0x4 CMakeFiles/gd32_cube.elf.dir/hal/Src/gd32f303cx_delay.c.obj
 .bss.SpiMode   0x200009e0        0x1 CMakeFiles/gd32_cube.elf.dir/hal/Src/gd32f303cx_spi.c.obj
                0x200009e0                SpiMode
 .bss.CsMode    0x200009e1        0x1 CMakeFiles/gd32_cube.elf.dir/hal/Src/gd32f303cx_spi.c.obj
                0x200009e1                CsMode
 *fill*         0x200009e2        0x2 
 .bss.spi_init_struct
                0x200009e4       0x54 CMakeFiles/gd32_cube.elf.dir/hal/Src/gd32f303cx_spi.c.obj
                0x200009e4                spi_init_struct
 .bss.uart      0x20000a38       0x14 CMakeFiles/gd32_cube.elf.dir/hal/Src/gd32f303cx_uart.c.obj
 .bss.__malloc_max_total_mem
                0x20000a4c        0x4 d:/gcc/gcc-arm-none-eabi-5_4-2016q3-20160926-win32/bin/../lib/gcc/arm-none-eabi/5.4.1/../../../../arm-none-eabi/lib/armv7e-m\libc.a(lib_a-mallocr.o)
                0x20000a4c                __malloc_max_total_mem
 .bss.__malloc_max_sbrked_mem
                0x20000a50        0x4 d:/gcc/gcc-arm-none-eabi-5_4-2016q3-20160926-win32/bin/../lib/gcc/arm-none-eabi/5.4.1/../../../../arm-none-eabi/lib/armv7e-m\libc.a(lib_a-mallocr.o)
                0x20000a50                __malloc_max_sbrked_mem
 .bss.__malloc_top_pad
                0x20000a54        0x4 d:/gcc/gcc-arm-none-eabi-5_4-2016q3-20160926-win32/bin/../lib/gcc/arm-none-eabi/5.4.1/../../../../arm-none-eabi/lib/armv7e-m\libc.a(lib_a-mallocr.o)
                0x20000a54                __malloc_top_pad
 .bss.__malloc_current_mallinfo
                0x20000a58       0x28 d:/gcc/gcc-arm-none-eabi-5_4-2016q3-20160926-win32/bin/../lib/gcc/arm-none-eabi/5.4.1/../../../../arm-none-eabi/lib/armv7e-m\libc.a(lib_a-mallocr.o)
                0x20000a58                __malloc_current_mallinfo
 .bss.heap_end.4167
                0x20000a80        0x4 d:/gcc/gcc-arm-none-eabi-5_4-2016q3-20160926-win32/bin/../lib/gcc/arm-none-eabi/5.4.1/../../../../arm-none-eabi/lib/armv7e-m\libnosys.a(sbrk.o)
 *(COMMON)
 COMMON         0x20000a84        0x4 d:/gcc/gcc-arm-none-eabi-5_4-2016q3-20160926-win32/bin/../lib/gcc/arm-none-eabi/5.4.1/../../../../arm-none-eabi/lib/armv7e-m\libc.a(lib_a-reent.o)
                0x20000a84                errno
                0x20000a88                . = ALIGN (0x4)
                0x20000a88                _ebss = .
                0x20000a88                __bss_end__ = _ebss
                0x20000a88                . = ALIGN (0x8)
                0x20000a88                PROVIDE (end, _ebss)
                [!provide]                PROVIDE (_end, _ebss)

.stack          0x2000b800      0x800 load address 0x20000a88
                [!provide]                PROVIDE (_heap_end, .)
                0x00000800                . = __stack_size
 *fill*         0x2000b800      0x800 
                0x2000c000                PROVIDE (_sp, .)
START GROUP
LOAD d:/gcc/gcc-arm-none-eabi-5_4-2016q3-20160926-win32/bin/../lib/gcc/arm-none-eabi/5.4.1/armv7e-m\libgcc.a
LOAD d:/gcc/gcc-arm-none-eabi-5_4-2016q3-20160926-win32/bin/../lib/gcc/arm-none-eabi/5.4.1/../../../../arm-none-eabi/lib/armv7e-m\libc.a
LOAD d:/gcc/gcc-arm-none-eabi-5_4-2016q3-20160926-win32/bin/../lib/gcc/arm-none-eabi/5.4.1/../../../../arm-none-eabi/lib/armv7e-m\libm.a
LOAD d:/gcc/gcc-arm-none-eabi-5_4-2016q3-20160926-win32/bin/../lib/gcc/arm-none-eabi/5.4.1/../../../../arm-none-eabi/lib/armv7e-m\libnosys.a
END GROUP
OUTPUT(gd32_cube.elf elf32-littlearm)

.debug_info     0x00000000     0x7ad5
 .debug_info    0x00000000      0x148 CMakeFiles/gd32_cube.elf.dir/Core/Src/gd32f30x_it.c.obj
 .debug_info    0x00000148     0x1049 CMakeFiles/gd32_cube.elf.dir/Core/Src/main.c.obj
 .debug_info    0x00001191      0x1f4 CMakeFiles/gd32_cube.elf.dir/Drivers/CMSIS/system_gd32f30x.c.obj
 .debug_info    0x00001385      0xa7c CMakeFiles/gd32_cube.elf.dir/Drivers/STM32F1xx_HAL_Driver/Src/gd32f30x_adc.c.obj
 .debug_info    0x00001e01      0x631 CMakeFiles/gd32_cube.elf.dir/Drivers/STM32F1xx_HAL_Driver/Src/gd32f30x_dac.c.obj
 .debug_info    0x00002432      0x78f CMakeFiles/gd32_cube.elf.dir/Drivers/STM32F1xx_HAL_Driver/Src/gd32f30x_gpio.c.obj
 .debug_info    0x00002bc1      0xe06 CMakeFiles/gd32_cube.elf.dir/Drivers/STM32F1xx_HAL_Driver/Src/gd32f30x_rcu.c.obj
 .debug_info    0x000039c7      0xa81 CMakeFiles/gd32_cube.elf.dir/Drivers/STM32F1xx_HAL_Driver/Src/gd32f30x_spi.c.obj
 .debug_info    0x00004448      0xe09 CMakeFiles/gd32_cube.elf.dir/Drivers/STM32F1xx_HAL_Driver/Src/gd32f30x_usart.c.obj
 .debug_info    0x00005251      0x229 CMakeFiles/gd32_cube.elf.dir/drv/drv_log/drv_log.c.obj
 .debug_info    0x0000547a      0x65e CMakeFiles/gd32_cube.elf.dir/hal/Src/gd32f303cx_adc.c.obj
 .debug_info    0x00005ad8      0x417 CMakeFiles/gd32_cube.elf.dir/hal/Src/gd32f303cx_dac.c.obj
 .debug_info    0x00005eef      0x6cf CMakeFiles/gd32_cube.elf.dir/hal/Src/gd32f303cx_delay.c.obj
 .debug_info    0x000065be      0x4be CMakeFiles/gd32_cube.elf.dir/hal/Src/gd32f303cx_gpio.c.obj
 .debug_info    0x00006a7c      0x897 CMakeFiles/gd32_cube.elf.dir/hal/Src/gd32f303cx_spi.c.obj
 .debug_info    0x00007313      0x6e8 CMakeFiles/gd32_cube.elf.dir/hal/Src/gd32f303cx_uart.c.obj
 .debug_info    0x000079fb       0xda CMakeFiles/gd32_cube.elf.dir/startup/startup_gd32f30x_hd.s.obj

.debug_abbrev   0x00000000     0x17d4
 .debug_abbrev  0x00000000       0xb6 CMakeFiles/gd32_cube.elf.dir/Core/Src/gd32f30x_it.c.obj
 .debug_abbrev  0x000000b6      0x1ab CMakeFiles/gd32_cube.elf.dir/Core/Src/main.c.obj
 .debug_abbrev  0x00000261      0x105 CMakeFiles/gd32_cube.elf.dir/Drivers/CMSIS/system_gd32f30x.c.obj
 .debug_abbrev  0x00000366      0x1a4 CMakeFiles/gd32_cube.elf.dir/Drivers/STM32F1xx_HAL_Driver/Src/gd32f30x_adc.c.obj
 .debug_abbrev  0x0000050a      0x153 CMakeFiles/gd32_cube.elf.dir/Drivers/STM32F1xx_HAL_Driver/Src/gd32f30x_dac.c.obj
 .debug_abbrev  0x0000065d      0x1fc CMakeFiles/gd32_cube.elf.dir/Drivers/STM32F1xx_HAL_Driver/Src/gd32f30x_gpio.c.obj
 .debug_abbrev  0x00000859      0x1bd CMakeFiles/gd32_cube.elf.dir/Drivers/STM32F1xx_HAL_Driver/Src/gd32f30x_rcu.c.obj
 .debug_abbrev  0x00000a16      0x1c4 CMakeFiles/gd32_cube.elf.dir/Drivers/STM32F1xx_HAL_Driver/Src/gd32f30x_spi.c.obj
 .debug_abbrev  0x00000bda      0x19f CMakeFiles/gd32_cube.elf.dir/Drivers/STM32F1xx_HAL_Driver/Src/gd32f30x_usart.c.obj
 .debug_abbrev  0x00000d79      0x126 CMakeFiles/gd32_cube.elf.dir/drv/drv_log/drv_log.c.obj
 .debug_abbrev  0x00000e9f      0x1b8 CMakeFiles/gd32_cube.elf.dir/hal/Src/gd32f303cx_adc.c.obj
 .debug_abbrev  0x00001057      0x12b CMakeFiles/gd32_cube.elf.dir/hal/Src/gd32f303cx_dac.c.obj
 .debug_abbrev  0x00001182      0x1ce CMakeFiles/gd32_cube.elf.dir/hal/Src/gd32f303cx_delay.c.obj
 .debug_abbrev  0x00001350      0x188 CMakeFiles/gd32_cube.elf.dir/hal/Src/gd32f303cx_gpio.c.obj
 .debug_abbrev  0x000014d8      0x19a CMakeFiles/gd32_cube.elf.dir/hal/Src/gd32f303cx_spi.c.obj
 .debug_abbrev  0x00001672      0x150 CMakeFiles/gd32_cube.elf.dir/hal/Src/gd32f303cx_uart.c.obj
 .debug_abbrev  0x000017c2       0x12 CMakeFiles/gd32_cube.elf.dir/startup/startup_gd32f30x_hd.s.obj

.debug_aranges  0x00000000      0x970
 .debug_aranges
                0x00000000       0x60 CMakeFiles/gd32_cube.elf.dir/Core/Src/gd32f30x_it.c.obj
 .debug_aranges
                0x00000060       0x28 CMakeFiles/gd32_cube.elf.dir/Core/Src/main.c.obj
 .debug_aranges
                0x00000088       0x38 CMakeFiles/gd32_cube.elf.dir/Drivers/CMSIS/system_gd32f30x.c.obj
 .debug_aranges
                0x000000c0      0x138 CMakeFiles/gd32_cube.elf.dir/Drivers/STM32F1xx_HAL_Driver/Src/gd32f30x_adc.c.obj
 .debug_aranges
                0x000001f8       0xe0 CMakeFiles/gd32_cube.elf.dir/Drivers/STM32F1xx_HAL_Driver/Src/gd32f30x_dac.c.obj
 .debug_aranges
                0x000002d8       0xb0 CMakeFiles/gd32_cube.elf.dir/Drivers/STM32F1xx_HAL_Driver/Src/gd32f30x_gpio.c.obj
 .debug_aranges
                0x00000388      0x150 CMakeFiles/gd32_cube.elf.dir/Drivers/STM32F1xx_HAL_Driver/Src/gd32f30x_rcu.c.obj
 .debug_aranges
                0x000004d8      0x150 CMakeFiles/gd32_cube.elf.dir/Drivers/STM32F1xx_HAL_Driver/Src/gd32f30x_spi.c.obj
 .debug_aranges
                0x00000628      0x1a8 CMakeFiles/gd32_cube.elf.dir/Drivers/STM32F1xx_HAL_Driver/Src/gd32f30x_usart.c.obj
 .debug_aranges
                0x000007d0       0x28 CMakeFiles/gd32_cube.elf.dir/drv/drv_log/drv_log.c.obj
 .debug_aranges
                0x000007f8       0x40 CMakeFiles/gd32_cube.elf.dir/hal/Src/gd32f303cx_adc.c.obj
 .debug_aranges
                0x00000838       0x28 CMakeFiles/gd32_cube.elf.dir/hal/Src/gd32f303cx_dac.c.obj
 .debug_aranges
                0x00000860       0x38 CMakeFiles/gd32_cube.elf.dir/hal/Src/gd32f303cx_delay.c.obj
 .debug_aranges
                0x00000898       0x40 CMakeFiles/gd32_cube.elf.dir/hal/Src/gd32f303cx_gpio.c.obj
 .debug_aranges
                0x000008d8       0x48 CMakeFiles/gd32_cube.elf.dir/hal/Src/gd32f303cx_spi.c.obj
 .debug_aranges
                0x00000920       0x28 CMakeFiles/gd32_cube.elf.dir/hal/Src/gd32f303cx_uart.c.obj
 .debug_aranges
                0x00000948       0x28 CMakeFiles/gd32_cube.elf.dir/startup/startup_gd32f30x_hd.s.obj

.debug_ranges   0x00000000      0x868
 .debug_ranges  0x00000000       0x50 CMakeFiles/gd32_cube.elf.dir/Core/Src/gd32f30x_it.c.obj
 .debug_ranges  0x00000050       0x18 CMakeFiles/gd32_cube.elf.dir/Core/Src/main.c.obj
 .debug_ranges  0x00000068       0x28 CMakeFiles/gd32_cube.elf.dir/Drivers/CMSIS/system_gd32f30x.c.obj
 .debug_ranges  0x00000090      0x128 CMakeFiles/gd32_cube.elf.dir/Drivers/STM32F1xx_HAL_Driver/Src/gd32f30x_adc.c.obj
 .debug_ranges  0x000001b8       0xd0 CMakeFiles/gd32_cube.elf.dir/Drivers/STM32F1xx_HAL_Driver/Src/gd32f30x_dac.c.obj
 .debug_ranges  0x00000288       0xa0 CMakeFiles/gd32_cube.elf.dir/Drivers/STM32F1xx_HAL_Driver/Src/gd32f30x_gpio.c.obj
 .debug_ranges  0x00000328      0x140 CMakeFiles/gd32_cube.elf.dir/Drivers/STM32F1xx_HAL_Driver/Src/gd32f30x_rcu.c.obj
 .debug_ranges  0x00000468      0x140 CMakeFiles/gd32_cube.elf.dir/Drivers/STM32F1xx_HAL_Driver/Src/gd32f30x_spi.c.obj
 .debug_ranges  0x000005a8      0x198 CMakeFiles/gd32_cube.elf.dir/Drivers/STM32F1xx_HAL_Driver/Src/gd32f30x_usart.c.obj
 .debug_ranges  0x00000740       0x18 CMakeFiles/gd32_cube.elf.dir/drv/drv_log/drv_log.c.obj
 .debug_ranges  0x00000758       0x30 CMakeFiles/gd32_cube.elf.dir/hal/Src/gd32f303cx_adc.c.obj
 .debug_ranges  0x00000788       0x18 CMakeFiles/gd32_cube.elf.dir/hal/Src/gd32f303cx_dac.c.obj
 .debug_ranges  0x000007a0       0x28 CMakeFiles/gd32_cube.elf.dir/hal/Src/gd32f303cx_delay.c.obj
 .debug_ranges  0x000007c8       0x30 CMakeFiles/gd32_cube.elf.dir/hal/Src/gd32f303cx_gpio.c.obj
 .debug_ranges  0x000007f8       0x38 CMakeFiles/gd32_cube.elf.dir/hal/Src/gd32f303cx_spi.c.obj
 .debug_ranges  0x00000830       0x18 CMakeFiles/gd32_cube.elf.dir/hal/Src/gd32f303cx_uart.c.obj
 .debug_ranges  0x00000848       0x20 CMakeFiles/gd32_cube.elf.dir/startup/startup_gd32f30x_hd.s.obj

.debug_line     0x00000000     0x3b90
 .debug_line    0x00000000      0x280 CMakeFiles/gd32_cube.elf.dir/Core/Src/gd32f30x_it.c.obj
 .debug_line    0x00000280      0x3b0 CMakeFiles/gd32_cube.elf.dir/Core/Src/main.c.obj
 .debug_line    0x00000630      0x207 CMakeFiles/gd32_cube.elf.dir/Drivers/CMSIS/system_gd32f30x.c.obj
 .debug_line    0x00000837      0x55e CMakeFiles/gd32_cube.elf.dir/Drivers/STM32F1xx_HAL_Driver/Src/gd32f30x_adc.c.obj
 .debug_line    0x00000d95      0x40e CMakeFiles/gd32_cube.elf.dir/Drivers/STM32F1xx_HAL_Driver/Src/gd32f30x_dac.c.obj
 .debug_line    0x000011a3      0x411 CMakeFiles/gd32_cube.elf.dir/Drivers/STM32F1xx_HAL_Driver/Src/gd32f30x_gpio.c.obj
 .debug_line    0x000015b4      0x5cd CMakeFiles/gd32_cube.elf.dir/Drivers/STM32F1xx_HAL_Driver/Src/gd32f30x_rcu.c.obj
 .debug_line    0x00001b81      0x545 CMakeFiles/gd32_cube.elf.dir/Drivers/STM32F1xx_HAL_Driver/Src/gd32f30x_spi.c.obj
 .debug_line    0x000020c6      0x5ff CMakeFiles/gd32_cube.elf.dir/Drivers/STM32F1xx_HAL_Driver/Src/gd32f30x_usart.c.obj
 .debug_line    0x000026c5      0x272 CMakeFiles/gd32_cube.elf.dir/drv/drv_log/drv_log.c.obj
 .debug_line    0x00002937      0x323 CMakeFiles/gd32_cube.elf.dir/hal/Src/gd32f303cx_adc.c.obj
 .debug_line    0x00002c5a      0x2ba CMakeFiles/gd32_cube.elf.dir/hal/Src/gd32f303cx_dac.c.obj
 .debug_line    0x00002f14      0x22a CMakeFiles/gd32_cube.elf.dir/hal/Src/gd32f303cx_delay.c.obj
 .debug_line    0x0000313e      0x2f7 CMakeFiles/gd32_cube.elf.dir/hal/Src/gd32f303cx_gpio.c.obj
 .debug_line    0x00003435      0x3b1 CMakeFiles/gd32_cube.elf.dir/hal/Src/gd32f303cx_spi.c.obj
 .debug_line    0x000037e6      0x2f0 CMakeFiles/gd32_cube.elf.dir/hal/Src/gd32f303cx_uart.c.obj
 .debug_line    0x00003ad6       0xba CMakeFiles/gd32_cube.elf.dir/startup/startup_gd32f30x_hd.s.obj

.debug_str      0x00000000     0x32cd
 .debug_str     0x00000000      0x232 CMakeFiles/gd32_cube.elf.dir/Core/Src/gd32f30x_it.c.obj
                                0x26e (size before relaxing)
 .debug_str     0x00000232      0x3bd CMakeFiles/gd32_cube.elf.dir/Core/Src/main.c.obj
                                0x55c (size before relaxing)
 .debug_str     0x000005ef       0xf2 CMakeFiles/gd32_cube.elf.dir/Drivers/CMSIS/system_gd32f30x.c.obj
                                0x2a8 (size before relaxing)
 .debug_str     0x000006e1      0x70c CMakeFiles/gd32_cube.elf.dir/Drivers/STM32F1xx_HAL_Driver/Src/gd32f30x_adc.c.obj
                                0x8db (size before relaxing)
 .debug_str     0x00000ded      0x318 CMakeFiles/gd32_cube.elf.dir/Drivers/STM32F1xx_HAL_Driver/Src/gd32f30x_dac.c.obj
                                0x6b5 (size before relaxing)
 .debug_str     0x00001105      0x263 CMakeFiles/gd32_cube.elf.dir/Drivers/STM32F1xx_HAL_Driver/Src/gd32f30x_gpio.c.obj
                                0x65a (size before relaxing)
 .debug_str     0x00001368      0xa2e CMakeFiles/gd32_cube.elf.dir/Drivers/STM32F1xx_HAL_Driver/Src/gd32f30x_rcu.c.obj
                                0xe41 (size before relaxing)
 .debug_str     0x00001d96      0x417 CMakeFiles/gd32_cube.elf.dir/Drivers/STM32F1xx_HAL_Driver/Src/gd32f30x_spi.c.obj
                                0x838 (size before relaxing)
 .debug_str     0x000021ad      0x76d CMakeFiles/gd32_cube.elf.dir/Drivers/STM32F1xx_HAL_Driver/Src/gd32f30x_usart.c.obj
                                0xb6c (size before relaxing)
 .debug_str     0x0000291a       0xa8 CMakeFiles/gd32_cube.elf.dir/drv/drv_log/drv_log.c.obj
                                0x2ab (size before relaxing)
 .debug_str     0x000029c2       0xb0 CMakeFiles/gd32_cube.elf.dir/hal/Src/gd32f303cx_adc.c.obj
                                0x6a9 (size before relaxing)
 .debug_str     0x00002a72       0x77 CMakeFiles/gd32_cube.elf.dir/hal/Src/gd32f303cx_dac.c.obj
                                0x4c4 (size before relaxing)
 .debug_str     0x00002ae9      0x556 CMakeFiles/gd32_cube.elf.dir/hal/Src/gd32f303cx_delay.c.obj
                                0x727 (size before relaxing)
 .debug_str     0x0000303f       0x92 CMakeFiles/gd32_cube.elf.dir/hal/Src/gd32f303cx_gpio.c.obj
                                0x49e (size before relaxing)
 .debug_str     0x000030d1      0x14e CMakeFiles/gd32_cube.elf.dir/hal/Src/gd32f303cx_spi.c.obj
                                0x646 (size before relaxing)
 .debug_str     0x0000321f       0xae CMakeFiles/gd32_cube.elf.dir/hal/Src/gd32f303cx_uart.c.obj
                                0x616 (size before relaxing)

.comment        0x00000000       0x6e
 .comment       0x00000000       0x6e CMakeFiles/gd32_cube.elf.dir/Core/Src/gd32f30x_it.c.obj
                                 0x6f (size before relaxing)
 .comment       0x0000006e       0x6f CMakeFiles/gd32_cube.elf.dir/Core/Src/main.c.obj
 .comment       0x0000006e       0x6f CMakeFiles/gd32_cube.elf.dir/Drivers/CMSIS/system_gd32f30x.c.obj
 .comment       0x0000006e       0x6f CMakeFiles/gd32_cube.elf.dir/Drivers/STM32F1xx_HAL_Driver/Src/gd32f30x_adc.c.obj
 .comment       0x0000006e       0x6f CMakeFiles/gd32_cube.elf.dir/Drivers/STM32F1xx_HAL_Driver/Src/gd32f30x_dac.c.obj
 .comment       0x0000006e       0x6f CMakeFiles/gd32_cube.elf.dir/Drivers/STM32F1xx_HAL_Driver/Src/gd32f30x_gpio.c.obj
 .comment       0x0000006e       0x6f CMakeFiles/gd32_cube.elf.dir/Drivers/STM32F1xx_HAL_Driver/Src/gd32f30x_rcu.c.obj
 .comment       0x0000006e       0x6f CMakeFiles/gd32_cube.elf.dir/Drivers/STM32F1xx_HAL_Driver/Src/gd32f30x_spi.c.obj
 .comment       0x0000006e       0x6f CMakeFiles/gd32_cube.elf.dir/Drivers/STM32F1xx_HAL_Driver/Src/gd32f30x_usart.c.obj
 .comment       0x0000006e       0x6f CMakeFiles/gd32_cube.elf.dir/drv/drv_log/drv_log.c.obj
 .comment       0x0000006e       0x6f CMakeFiles/gd32_cube.elf.dir/hal/Src/gd32f303cx_adc.c.obj
 .comment       0x0000006e       0x6f CMakeFiles/gd32_cube.elf.dir/hal/Src/gd32f303cx_dac.c.obj
 .comment       0x0000006e       0x6f CMakeFiles/gd32_cube.elf.dir/hal/Src/gd32f303cx_delay.c.obj
 .comment       0x0000006e       0x6f CMakeFiles/gd32_cube.elf.dir/hal/Src/gd32f303cx_gpio.c.obj
 .comment       0x0000006e       0x6f CMakeFiles/gd32_cube.elf.dir/hal/Src/gd32f303cx_spi.c.obj
 .comment       0x0000006e       0x6f CMakeFiles/gd32_cube.elf.dir/hal/Src/gd32f303cx_uart.c.obj

.debug_frame    0x00000000     0x1c14
 .debug_frame   0x00000000       0xa8 CMakeFiles/gd32_cube.elf.dir/Core/Src/gd32f30x_it.c.obj
 .debug_frame   0x000000a8       0x54 CMakeFiles/gd32_cube.elf.dir/Core/Src/main.c.obj
 .debug_frame   0x000000fc       0x64 CMakeFiles/gd32_cube.elf.dir/Drivers/CMSIS/system_gd32f30x.c.obj
 .debug_frame   0x00000160      0x274 CMakeFiles/gd32_cube.elf.dir/Drivers/STM32F1xx_HAL_Driver/Src/gd32f30x_adc.c.obj
 .debug_frame   0x000003d4      0x1a8 CMakeFiles/gd32_cube.elf.dir/Drivers/STM32F1xx_HAL_Driver/Src/gd32f30x_dac.c.obj
 .debug_frame   0x0000057c      0x17c CMakeFiles/gd32_cube.elf.dir/Drivers/STM32F1xx_HAL_Driver/Src/gd32f30x_gpio.c.obj
 .debug_frame   0x000006f8      0x2a8 CMakeFiles/gd32_cube.elf.dir/Drivers/STM32F1xx_HAL_Driver/Src/gd32f30x_rcu.c.obj
 .debug_frame   0x000009a0      0x2a4 CMakeFiles/gd32_cube.elf.dir/Drivers/STM32F1xx_HAL_Driver/Src/gd32f30x_spi.c.obj
 .debug_frame   0x00000c44      0x38c CMakeFiles/gd32_cube.elf.dir/Drivers/STM32F1xx_HAL_Driver/Src/gd32f30x_usart.c.obj
 .debug_frame   0x00000fd0       0x4c CMakeFiles/gd32_cube.elf.dir/drv/drv_log/drv_log.c.obj
 .debug_frame   0x0000101c       0x84 CMakeFiles/gd32_cube.elf.dir/hal/Src/gd32f303cx_adc.c.obj
 .debug_frame   0x000010a0       0x44 CMakeFiles/gd32_cube.elf.dir/hal/Src/gd32f303cx_dac.c.obj
 .debug_frame   0x000010e4       0x50 CMakeFiles/gd32_cube.elf.dir/hal/Src/gd32f303cx_delay.c.obj
 .debug_frame   0x00001134       0x98 CMakeFiles/gd32_cube.elf.dir/hal/Src/gd32f303cx_gpio.c.obj
 .debug_frame   0x000011cc       0xc4 CMakeFiles/gd32_cube.elf.dir/hal/Src/gd32f303cx_spi.c.obj
 .debug_frame   0x00001290       0x48 CMakeFiles/gd32_cube.elf.dir/hal/Src/gd32f303cx_uart.c.obj
 .debug_frame   0x000012d8       0x34 d:/gcc/gcc-arm-none-eabi-5_4-2016q3-20160926-win32/bin/../lib/gcc/arm-none-eabi/5.4.1/../../../../arm-none-eabi/lib/armv7e-m\libc.a(lib_a-memset.o)
 .debug_frame   0x0000130c       0x84 d:/gcc/gcc-arm-none-eabi-5_4-2016q3-20160926-win32/bin/../lib/gcc/arm-none-eabi/5.4.1/../../../../arm-none-eabi/lib/armv7e-m\libc.a(lib_a-sprintf.o)
 .debug_frame   0x00001390       0x44 d:/gcc/gcc-arm-none-eabi-5_4-2016q3-20160926-win32/bin/../lib/gcc/arm-none-eabi/5.4.1/../../../../arm-none-eabi/lib/armv7e-m\libc.a(lib_a-svfprintf.o)
 .debug_frame   0x000013d4       0x50 d:/gcc/gcc-arm-none-eabi-5_4-2016q3-20160926-win32/bin/../lib/gcc/arm-none-eabi/5.4.1/../../../../arm-none-eabi/lib/armv7e-m\libc.a(lib_a-__call_atexit.o)
 .debug_frame   0x00001424       0x20 d:/gcc/gcc-arm-none-eabi-5_4-2016q3-20160926-win32/bin/../lib/gcc/arm-none-eabi/5.4.1/../../../../arm-none-eabi/lib/armv7e-m\libc.a(lib_a-atexit.o)
 .debug_frame   0x00001444       0x88 d:/gcc/gcc-arm-none-eabi-5_4-2016q3-20160926-win32/bin/../lib/gcc/arm-none-eabi/5.4.1/../../../../arm-none-eabi/lib/armv7e-m\libc.a(lib_a-dtoa.o)
 .debug_frame   0x000014cc       0x34 d:/gcc/gcc-arm-none-eabi-5_4-2016q3-20160926-win32/bin/../lib/gcc/arm-none-eabi/5.4.1/../../../../arm-none-eabi/lib/armv7e-m\libc.a(lib_a-fini.o)
 .debug_frame   0x00001500       0x40 d:/gcc/gcc-arm-none-eabi-5_4-2016q3-20160926-win32/bin/../lib/gcc/arm-none-eabi/5.4.1/../../../../arm-none-eabi/lib/armv7e-m\libc.a(lib_a-localeconv.o)
 .debug_frame   0x00001540       0x58 d:/gcc/gcc-arm-none-eabi-5_4-2016q3-20160926-win32/bin/../lib/gcc/arm-none-eabi/5.4.1/../../../../arm-none-eabi/lib/armv7e-m\libc.a(lib_a-mallocr.o)
 .debug_frame   0x00001598       0x30 d:/gcc/gcc-arm-none-eabi-5_4-2016q3-20160926-win32/bin/../lib/gcc/arm-none-eabi/5.4.1/../../../../arm-none-eabi/lib/armv7e-m\libc.a(lib_a-mlock.o)
 .debug_frame   0x000015c8      0x264 d:/gcc/gcc-arm-none-eabi-5_4-2016q3-20160926-win32/bin/../lib/gcc/arm-none-eabi/5.4.1/../../../../arm-none-eabi/lib/armv7e-m\libc.a(lib_a-mprec.o)
 .debug_frame   0x0000182c       0x2c d:/gcc/gcc-arm-none-eabi-5_4-2016q3-20160926-win32/bin/../lib/gcc/arm-none-eabi/5.4.1/../../../../arm-none-eabi/lib/armv7e-m\libc.a(lib_a-sbrkr.o)
 .debug_frame   0x00001858       0x78 d:/gcc/gcc-arm-none-eabi-5_4-2016q3-20160926-win32/bin/../lib/gcc/arm-none-eabi/5.4.1/../../../../arm-none-eabi/lib/armv7e-m\libc.a(lib_a-svfiprintf.o)
 .debug_frame   0x000018d0       0x34 d:/gcc/gcc-arm-none-eabi-5_4-2016q3-20160926-win32/bin/../lib/gcc/arm-none-eabi/5.4.1/../../../../arm-none-eabi/lib/armv7e-m\libc.a(lib_a-__atexit.o)
 .debug_frame   0x00001904       0x28 d:/gcc/gcc-arm-none-eabi-5_4-2016q3-20160926-win32/bin/../lib/gcc/arm-none-eabi/5.4.1/../../../../arm-none-eabi/lib/armv7e-m\libc.a(lib_a-callocr.o)
 .debug_frame   0x0000192c       0x74 d:/gcc/gcc-arm-none-eabi-5_4-2016q3-20160926-win32/bin/../lib/gcc/arm-none-eabi/5.4.1/../../../../arm-none-eabi/lib/armv7e-m\libc.a(lib_a-freer.o)
 .debug_frame   0x000019a0       0x84 d:/gcc/gcc-arm-none-eabi-5_4-2016q3-20160926-win32/bin/../lib/gcc/arm-none-eabi/5.4.1/../../../../arm-none-eabi/lib/armv7e-m\libc.a(lib_a-locale.o)
 .debug_frame   0x00001a24       0x4c d:/gcc/gcc-arm-none-eabi-5_4-2016q3-20160926-win32/bin/../lib/gcc/arm-none-eabi/5.4.1/../../../../arm-none-eabi/lib/armv7e-m\libc.a(lib_a-mbtowc_r.o)
 .debug_frame   0x00001a70       0x30 d:/gcc/gcc-arm-none-eabi-5_4-2016q3-20160926-win32/bin/../lib/gcc/arm-none-eabi/5.4.1/../../../../arm-none-eabi/lib/armv7e-m\libc.a(lib_a-memmove.o)
 .debug_frame   0x00001aa0       0x60 d:/gcc/gcc-arm-none-eabi-5_4-2016q3-20160926-win32/bin/../lib/gcc/arm-none-eabi/5.4.1/../../../../arm-none-eabi/lib/armv7e-m\libc.a(lib_a-reallocr.o)
 .debug_frame   0x00001b00       0x58 d:/gcc/gcc-arm-none-eabi-5_4-2016q3-20160926-win32/bin/../lib/gcc/arm-none-eabi/5.4.1/../../../../arm-none-eabi/lib/armv7e-m\libc.a(lib_a-reent.o)
 .debug_frame   0x00001b58       0x3c d:/gcc/gcc-arm-none-eabi-5_4-2016q3-20160926-win32/bin/../lib/gcc/arm-none-eabi/5.4.1/../../../../arm-none-eabi/lib/armv7e-m\libc.a(lib_a-wctomb_r.o)
 .debug_frame   0x00001b94       0x2c d:/gcc/gcc-arm-none-eabi-5_4-2016q3-20160926-win32/bin/../lib/gcc/arm-none-eabi/5.4.1/armv7e-m\libgcc.a(_aeabi_uldivmod.o)
 .debug_frame   0x00001bc0       0x34 d:/gcc/gcc-arm-none-eabi-5_4-2016q3-20160926-win32/bin/../lib/gcc/arm-none-eabi/5.4.1/armv7e-m\libgcc.a(_udivmoddi4.o)
 .debug_frame   0x00001bf4       0x20 d:/gcc/gcc-arm-none-eabi-5_4-2016q3-20160926-win32/bin/../lib/gcc/arm-none-eabi/5.4.1/../../../../arm-none-eabi/lib/armv7e-m\libnosys.a(sbrk.o)

.debug_loc      0x00000000     0x2d1a
 .debug_loc     0x00000000       0x9c CMakeFiles/gd32_cube.elf.dir/Core/Src/main.c.obj
 .debug_loc     0x0000009c       0xfc CMakeFiles/gd32_cube.elf.dir/Drivers/CMSIS/system_gd32f30x.c.obj
 .debug_loc     0x00000198      0x7c7 CMakeFiles/gd32_cube.elf.dir/Drivers/STM32F1xx_HAL_Driver/Src/gd32f30x_adc.c.obj
 .debug_loc     0x0000095f      0x232 CMakeFiles/gd32_cube.elf.dir/Drivers/STM32F1xx_HAL_Driver/Src/gd32f30x_dac.c.obj
 .debug_loc     0x00000b91      0x4f9 CMakeFiles/gd32_cube.elf.dir/Drivers/STM32F1xx_HAL_Driver/Src/gd32f30x_gpio.c.obj
 .debug_loc     0x0000108a      0x928 CMakeFiles/gd32_cube.elf.dir/Drivers/STM32F1xx_HAL_Driver/Src/gd32f30x_rcu.c.obj
 .debug_loc     0x000019b2      0x444 CMakeFiles/gd32_cube.elf.dir/Drivers/STM32F1xx_HAL_Driver/Src/gd32f30x_spi.c.obj
 .debug_loc     0x00001df6      0x88a CMakeFiles/gd32_cube.elf.dir/Drivers/STM32F1xx_HAL_Driver/Src/gd32f30x_usart.c.obj
 .debug_loc     0x00002680       0x66 CMakeFiles/gd32_cube.elf.dir/drv/drv_log/drv_log.c.obj
 .debug_loc     0x000026e6       0x63 CMakeFiles/gd32_cube.elf.dir/hal/Src/gd32f303cx_adc.c.obj
 .debug_loc     0x00002749       0x7c CMakeFiles/gd32_cube.elf.dir/hal/Src/gd32f303cx_dac.c.obj
 .debug_loc     0x000027c5       0xb0 CMakeFiles/gd32_cube.elf.dir/hal/Src/gd32f303cx_delay.c.obj
 .debug_loc     0x00002875       0x8b CMakeFiles/gd32_cube.elf.dir/hal/Src/gd32f303cx_gpio.c.obj
 .debug_loc     0x00002900      0x2cf CMakeFiles/gd32_cube.elf.dir/hal/Src/gd32f303cx_spi.c.obj
 .debug_loc     0x00002bcf      0x14b CMakeFiles/gd32_cube.elf.dir/hal/Src/gd32f303cx_uart.c.obj
